Component: ARM Compiler 5.06 update 5 (build 528) Tool: armlink [4d35e2]

==============================================================================

Section Cross References

    main.o(i.main) refers to misc.o(i.NVIC_PriorityGroupConfig) for NVIC_PriorityGroupConfig
    main.o(i.main) refers to delay.o(i.delay_init) for delay_init
    main.o(i.main) refers to led.o(i.LED_Init) for LED_Init
    main.o(i.main) refers to tianwen.o(i.USART2_Init) for USART2_Init
    main.o(i.main) refers to oled.o(i.OLED_Init) for OLED_Init
    main.o(i.main) refers to adc.o(i.ADCx_Init) for ADCx_Init
    main.o(i.main) refers to oled.o(i.OLED_Clear) for OLED_Clear
    main.o(i.main) refers to flash.o(i.Store_Init) for Store_Init
    main.o(i.main) refers to mode.o(i.TIM1_Init) for TIM1_Init
    main.o(i.main) refers to servo.o(i.TIM2_Init) for TIM2_Init
    main.o(i.main) refers to servo.o(i.TIM3_Init) for TIM3_Init
    main.o(i.main) refers to servo.o(i.Servo_Control) for Servo_Control
    main.o(i.main) refers to delay.o(i.delay_ms) for delay_ms
    main.o(i.main) refers to mode.o(i.Idle_task) for Idle_task
    main.o(i.main) refers to mode.o(i.Forward) for Forward
    main.o(i.main) refers to mode.o(i.Backward) for Backward
    main.o(i.main) refers to mode.o(i.Left) for Left
    main.o(i.main) refers to mode.o(i.Right) for Right
    main.o(i.main) refers to oled_content.o(i.Erase_Blink) for Erase_Blink
    main.o(i.main) refers to oled_content.o(i.Look_left) for Look_left
    main.o(i.main) refers to mode.o(i.Shift_left) for Shift_left
    main.o(i.main) refers to mode.o(i.Shift_right) for Shift_right
    main.o(i.main) refers to mode.o(i.Shake_hands) for Shake_hands
    main.o(i.main) refers to mode.o(i.Shake_leg) for Shake_leg
    main.o(i.main) refers to mode.o(i.Dance) for Dance
    main.o(i.main) refers to game.o(i.Game) for Game
    main.o(i.main) refers to servo.o(i.Servo_Amend) for Servo_Amend
    main.o(i.main) refers to oled_content.o(i.OLED_Electricity) for OLED_Electricity
    main.o(i.main) refers to oled_content.o(i.Vol_warn) for Vol_warn
    main.o(i.main) refers to mode.o(.data) for Sign
    system_stm32f10x.o(i.SetSysClock) refers to system_stm32f10x.o(i.SetSysClockTo72) for SetSysClockTo72
    system_stm32f10x.o(i.SystemCoreClockUpdate) refers to system_stm32f10x.o(.data) for SystemCoreClock
    system_stm32f10x.o(i.SystemInit) refers to system_stm32f10x.o(i.SetSysClock) for SetSysClock
    led.o(i.LED_Init) refers to stm32f10x_rcc.o(i.RCC_APB2PeriphClockCmd) for RCC_APB2PeriphClockCmd
    led.o(i.LED_Init) refers to stm32f10x_gpio.o(i.GPIO_Init) for GPIO_Init
    led.o(i.LED_Init) refers to stm32f10x_gpio.o(i.GPIO_SetBits) for GPIO_SetBits
    mode.o(i.Backward) refers to delay.o(i.delay_us) for delay_us
    mode.o(i.Backward) refers to servo.o(i.For) for For
    mode.o(i.Backward) refers to oled_content.o(i.Erase_Blink) for Erase_Blink
    mode.o(i.Backward) refers to oled_content.o(i.Squint) for Squint
    mode.o(i.Backward) refers to servo.o(.data) for delay
    mode.o(i.Backward) refers to mode.o(.data) for count
    mode.o(i.Dance) refers to servo.o(i.Servo_Control) for Servo_Control
    mode.o(i.Dance) refers to oled_content.o(i.Open_eyes) for Open_eyes
    mode.o(i.Dance) refers to servo.o(i.For) for For
    mode.o(i.Dance) refers to fflt_clz.o(x$fpl$fflt) for __aeabi_i2f
    mode.o(i.Dance) refers to delay.o(i.delay_ms) for delay_ms
    mode.o(i.Dance) refers to oled_content.o(i.Erase_0pen_eyes) for Erase_0pen_eyes
    mode.o(i.Dance) refers to oled_content.o(i.Ellipse_eyes) for Ellipse_eyes
    mode.o(i.Dance) refers to oled_content.o(i.Erase_Ellipse_eyes) for Erase_Ellipse_eyes
    mode.o(i.Dance) refers to servo.o(.data) for delay
    mode.o(i.Dance) refers to oled_content.o(i.Blink) for Blink
    mode.o(i.Dance) refers to oled_content.o(i.Erase_Blink) for Erase_Blink
    mode.o(i.Forward) refers to delay.o(i.delay_us) for delay_us
    mode.o(i.Forward) refers to servo.o(i.For) for For
    mode.o(i.Forward) refers to oled_content.o(i.Erase_Blink) for Erase_Blink
    mode.o(i.Forward) refers to oled_content.o(i.Squint) for Squint
    mode.o(i.Forward) refers to servo.o(.data) for delay
    mode.o(i.Forward) refers to mode.o(.data) for count
    mode.o(i.Idle_task) refers to oled.o(i.OLED_Clear) for OLED_Clear
    mode.o(i.Idle_task) refers to oled_content.o(i.Blink) for Blink
    mode.o(i.Idle_task) refers to servo.o(i.Servo_Control) for Servo_Control
    mode.o(i.Idle_task) refers to delay.o(i.delay_ms) for delay_ms
    mode.o(i.Idle_task) refers to oled_content.o(i.Erase_Blink) for Erase_Blink
    mode.o(i.Idle_task) refers to oled_content.o(i.Open_eyes) for Open_eyes
    mode.o(i.Idle_task) refers to oled_content.o(i.Erase_0pen_eyes) for Erase_0pen_eyes
    mode.o(i.Idle_task) refers to oled_content.o(i.Half_blink) for Half_blink
[...]
    i.OLED_W_SCL                             0x08002d24   Section        0  oled.o(i.OLED_W_SCL)
    i.OLED_W_SDA                             0x08002d3c   Section        0  oled.o(i.OLED_W_SDA)
    i.OLED_WriteCommand                      0x08002d54   Section        0  oled.o(i.OLED_WriteCommand)
    i.OLED_WriteData                         0x08002d74   Section        0  oled.o(i.OLED_WriteData)
    i.OLED_chess                             0x08002da4   Section        0  game.o(i.OLED_chess)
    i.Open_eyes                              0x08002f74   Section        0  oled_content.o(i.Open_eyes)
    i.PendSV_Handler                         0x08002fa0   Section        0  stm32f10x_it.o(i.PendSV_Handler)
    i.Query_left                             0x08002fa4   Section        0  oled_content.o(i.Query_left)
    i.RCC_ADCCLKConfig                       0x08002fe8   Section        0  stm32f10x_rcc.o(i.RCC_ADCCLKConfig)
    i.RCC_APB1PeriphClockCmd                 0x08003000   Section        0  stm32f10x_rcc.o(i.RCC_APB1PeriphClockCmd)
    i.RCC_APB2PeriphClockCmd                 0x08003020   Section        0  stm32f10x_rcc.o(i.RCC_APB2PeriphClockCmd)
    i.RCC_GetClocksFreq                      0x08003040   Section        0  stm32f10x_rcc.o(i.RCC_GetClocksFreq)
    i.Right                                  0x08003114   Section        0  mode.o(i.Right)
    i.SVC_Handler                            0x080031e0   Section        0  stm32f10x_it.o(i.SVC_Handler)
    i.Servo_Amend                            0x080031e4   Section        0  servo.o(i.Servo_Amend)
    i.Servo_Control                          0x0800332c   Section        0  servo.o(i.Servo_Control)
    i.SetSysClock                            0x080034e4   Section        0  system_stm32f10x.o(i.SetSysClock)
    SetSysClock                              0x080034e5   Thumb Code     8  system_stm32f10x.o(i.SetSysClock)
    i.SetSysClockTo72                        0x080034ec   Section        0  system_stm32f10x.o(i.SetSysClockTo72)
    SetSysClockTo72                          0x080034ed   Thumb Code   214  system_stm32f10x.o(i.SetSysClockTo72)
    i.Shake_hands                            0x080035cc   Section        0  mode.o(i.Shake_hands)
    i.Shake_leg                              0x08003710   Section        0  mode.o(i.Shake_leg)
    i.Shift_left                             0x080038f8   Section        0  mode.o(i.Shift_left)
    i.Shift_right                            0x08003958   Section        0  mode.o(i.Shift_right)
    i.Sleep1                                 0x080039b4   Section        0  oled_content.o(i.Sleep1)
    i.Sleep2                                 0x080039d0   Section        0  oled_content.o(i.Sleep2)
    i.Squint                                 0x080039ec   Section        0  oled_content.o(i.Squint)
    i.Store_Init                             0x08003a08   Section        0  flash.o(i.Store_Init)
    i.Store_Save                             0x08003a70   Section        0  flash.o(i.Store_Save)
    i.SysTick_CLKSourceConfig                0x08003aa0   Section        0  misc.o(i.SysTick_CLKSourceConfig)
    i.SysTick_Handler                        0x08003ac8   Section        0  stm32f10x_it.o(i.SysTick_Handler)
    i.SystemInit                             0x08003acc   Section        0  system_stm32f10x.o(i.SystemInit)
    i.TIM1_Init                              0x08003b2c   Section        0  mode.o(i.TIM1_Init)
    i.TIM1_UP_IRQHandler                     0x08003ba4   Section        0  mode.o(i.TIM1_UP_IRQHandler)
    i.TIM2_Init                              0x08003bcc   Section        0  servo.o(i.TIM2_Init)
    i.TIM3_Init                              0x08003c60   Section        0  servo.o(i.TIM3_Init)
    i.TIM_ClearITPendingBit                  0x08003d10   Section        0  stm32f10x_tim.o(i.TIM_ClearITPendingBit)
    i.TIM_Cmd                                0x08003d16   Section        0  stm32f10x_tim.o(i.TIM_Cmd)
    i.TIM_GetITStatus                        0x08003d2e   Section        0  stm32f10x_tim.o(i.TIM_GetITStatus)
    i.TIM_ITConfig                           0x08003d50   Section        0  stm32f10x_tim.o(i.TIM_ITConfig)
    i.TIM_OC1Init                            0x08003d64   Section        0  stm32f10x_tim.o(i.TIM_OC1Init)
    i.TIM_OC1PreloadConfig                   0x08003dfc   Section        0  stm32f10x_tim.o(i.TIM_OC1PreloadConfig)
    i.TIM_OC2Init                            0x08003e10   Section        0  stm32f10x_tim.o(i.TIM_OC2Init)
    i.TIM_OC2PreloadConfig                   0x08003eb4   Section        0  stm32f10x_tim.o(i.TIM_OC2PreloadConfig)
    i.TIM_OC3Init                            0x08003ed0   Section        0  stm32f10x_tim.o(i.TIM_OC3Init)
    i.TIM_OC3PreloadConfig                   0x08003f70   Section        0  stm32f10x_tim.o(i.TIM_OC3PreloadConfig)
    i.TIM_SetCompare1                        0x08003f82   Section        0  stm32f10x_tim.o(i.TIM_SetCompare1)
    i.TIM_SetCompare2                        0x08003f86   Section        0  stm32f10x_tim.o(i.TIM_SetCompare2)
    i.TIM_SetCompare3                        0x08003f8a   Section        0  stm32f10x_tim.o(i.TIM_SetCompare3)
    i.TIM_TimeBaseInit                       0x08003f90   Section        0  stm32f10x_tim.o(i.TIM_TimeBaseInit)
    i.USART2_IRQHandler                      0x08004034   Section        0  tianwen.o(i.USART2_IRQHandler)
    i.USART2_Init                            0x08004300   Section        0  tianwen.o(i.USART2_Init)
    i.USART_Cmd                              0x080043ac   Section        0  stm32f10x_usart.o(i.USART_Cmd)
    i.USART_GetFlagStatus                    0x080043c4   Section        0  stm32f10x_usart.o(i.USART_GetFlagStatus)
    i.USART_GetITStatus                      0x080043de   Section        0  stm32f10x_usart.o(i.USART_GetITStatus)
    i.USART_ITConfig                         0x08004432   Section        0  stm32f10x_usart.o(i.USART_ITConfig)
    i.USART_Init                             0x0800447c   Section        0  stm32f10x_usart.o(i.USART_Init)
    i.USART_ReceiveData                      0x08004554   Section        0  stm32f10x_usart.o(i.USART_ReceiveData)
    i.USART_SendData                         0x0800455e   Section        0  stm32f10x_usart.o(i.USART_SendData)
    i.UsageFault_Handler                     0x08004566   Section        0  stm32f10x_it.o(i.UsageFault_Handler)
    i.Vol_warn                               0x0800456c   Section        0  oled_content.o(i.Vol_warn)
    i.__ARM_fpclassify                       0x08004610   Section        0  fpclassify.o(i.__ARM_fpclassify)
    i._is_digit                              0x08004638   Section        0  __printf_wp.o(i._is_digit)
    i.attack                                 0x08004646   Section        0  game.o(i.attack)
    i.defense                                0x080048f8   Section        0  game.o(i.defense)
    i.delay_init                             0x08004bac   Section        0  delay.o(i.delay_init)
    i.delay_ms                               0x08004bf0   Section        0  delay.o(i.delay_ms)
    i.delay_us                               0x08004c3c   Section        0  delay.o(i.delay_us)
    i.judge                                  0x08004c88   Section        0  game.o(i.judge)
    i.main                                   0x08004d5c   Section        0  main.o(i.main)
    i.playerA                                0x08004ed0   Section        0  game.o(i.playerA)
    i.playerB                                0x08004fbc   Section        0  game.o(i.playerB)
    i.usart2_send                            0x08005014   Section        0  game.o(i.usart2_send)
    locale$$code                             0x08005044   Section       44  lc_numeric_c.o(locale$$code)
    x$fpl$d2f                                0x08005070   Section       98  d2f.o(x$fpl$d2f)
    x$fpl$dadd                               0x080050d4   Section      336  daddsub_clz.o(x$fpl$dadd)
    _dadd1                                   0x080050e5   Thumb Code     0  daddsub_clz.o(x$fpl$dadd)
    x$fpl$dcmpinf                            0x08005224   Section       24  dcmpi.o(x$fpl$dcmpinf)
    x$fpl$ddiv                               0x0800523c   Section      688  ddiv.o(x$fpl$ddiv)
    ddiv_entry                               0x08005243   Thumb Code     0  ddiv.o(x$fpl$ddiv)
    x$fpl$dfix                               0x080054ec   Section       94  dfix.o(x$fpl$dfix)
    x$fpl$dleqf                              0x0800554c   Section      120  dleqf.o(x$fpl$dleqf)
    x$fpl$dmul                               0x080055c4   Section      340  dmul.o(x$fpl$dmul)
    x$fpl$dnaninf                            0x08005718   Section      156  dnaninf.o(x$fpl$dnaninf)
    x$fpl$dretinf                            0x080057b4   Section       12  dretinf.o(x$fpl$dretinf)
    x$fpl$drleqf                             0x080057c0   Section      108  drleqf.o(x$fpl$drleqf)
    x$fpl$drsb                               0x0800582c   Section       22  daddsub_clz.o(x$fpl$drsb)
    x$fpl$dsub                               0x08005844   Section      468  daddsub_clz.o(x$fpl$dsub)
    _dsub1                                   0x08005855   Thumb Code     0  daddsub_clz.o(x$fpl$dsub)
    x$fpl$f2d                                0x08005a18   Section       86  f2d.o(x$fpl$f2d)
    x$fpl$fflt                               0x08005a70   Section       48  fflt_clz.o(x$fpl$fflt)
    x$fpl$ffltu                              0x08005aa0   Section       38  fflt_clz.o(x$fpl$ffltu)
    x$fpl$fmul                               0x08005ac8   Section      258  fmul.o(x$fpl$fmul)
    x$fpl$fnaninf                            0x08005bca   Section      140  fnaninf.o(x$fpl$fnaninf)
    x$fpl$fretinf                            0x08005c56   Section       10  fretinf.o(x$fpl$fretinf)
    x$fpl$printf1                            0x08005c60   Section        4  printf1.o(x$fpl$printf1)
    .constdata                               0x08005c64   Section    11236  oled_data.o(.constdata)
    x$fpl$usenofp                            0x08005c64   Section        0  usenofp.o(x$fpl$usenofp)
    .constdata                               0x08008848   Section       17  __printf_flags_ss_wp.o(.constdata)
    maptable                                 0x08008848   Data          17  __printf_flags_ss_wp.o(.constdata)
    .constdata                               0x0800885c   Section      148  bigflt0.o(.constdata)
    tenpwrs_x                                0x0800885c   Data          60  bigflt0.o(.constdata)
    tenpwrs_i                                0x08008898   Data          64  bigflt0.o(.constdata)
    locale$$data                             0x08008910   Section       28  lc_numeric_c.o(locale$$data)
    __lcnum_c_name                           0x08008914   Data           2  lc_numeric_c.o(locale$$data)
    __lcnum_c_start                          0x0800891c   Data           0  lc_numeric_c.o(locale$$data)
    __lcnum_c_point                          0x08008928   Data           0  lc_numeric_c.o(locale$$data)
    __lcnum_c_thousands                      0x0800892a   Data           0  lc_numeric_c.o(locale$$data)
    __lcnum_c_grouping                       0x0800892b   Data           0  lc_numeric_c.o(locale$$data)
    __lcnum_c_end                            0x0800892c   Data           0  lc_numeric_c.o(locale$$data)
    .data                                    0x20000000   Section       20  system_stm32f10x.o(.data)
    .data                                    0x20000014   Section       16  mode.o(.data)
    .data                                    0x20000024   Section       12  servo.o(.data)
    .data                                    0x20000030   Section        2  tianwen.o(.data)
    .data                                    0x20000034   Section       12  game.o(.data)
    .data                                    0x20000040   Section        4  delay.o(.data)
    fac_us                                   0x20000040   Data           1  delay.o(.data)
    fac_ms                                   0x20000042   Data           2  delay.o(.data)
    .data                                    0x20000044   Section       20  stm32f10x_rcc.o(.data)
    APBAHBPrescTable                         0x20000044   Data          16  stm32f10x_rcc.o(.data)
    ADCPrescTable                            0x20000054   Data           4  stm32f10x_rcc.o(.data)
    .bss                                     0x20000058   Section     1024  oled.o(.bss)
    .bss                                     0x20000458   Section     1024  flash.o(.bss)
    .bss                                     0x20000858   Section      228  rand.o(.bss)
    .bss                                     0x2000093c   Section       96  libspace.o(.bss)
    HEAP                                     0x200009a0   Section      512  startup_stm32f10x_md.o(HEAP)
    Heap_Mem                                 0x200009a0   Data         512  startup_stm32f10x_md.o(HEAP)
    STACK                                    0x20000ba0   Section     1024  startup_stm32f10x_md.o(STACK)
    Stack_Mem                                0x20000ba0   Data        1024  startup_stm32f10x_md.o(STACK)
    __initial_sp                             0x20000fa0   Data           0  startup_stm32f10x_md.o(STACK)

    Global Symbols

    Symbol Name                              Value     Ov Type        Size  Object(Section)

    BuildAttributes$$THM_ISAv4$P$D$K$B$S$PE$A:L22UL41UL21$X:L11$S22US41US21$IEEE1$IW$USESV6$~STKCKD$USESV7$~SHL$OTIME$ROPI$IEEEX$EBA8$UX$STANDARDLIB$REQ8$PRES8$EABIv2 0x00000000   Number         0  anon$$obj.o ABSOLUTE
    __ARM_use_no_argv                        0x00000000   Number         0  main.o ABSOLUTE
    _printf_flags                            0x00000000   Number         0  printf_stubs.o ABSOLUTE
    _printf_return_value                     0x00000000   Number         0  printf_stubs.o ABSOLUTE
    _printf_sizespec                         0x00000000   Number         0  printf_stubs.o ABSOLUTE
    _printf_widthprec                        0x00000000   Number         0  printf_stubs.o ABSOLUTE
    __ARM_exceptions_init                     - Undefined Weak Reference
    __alloca_initialize                       - Undefined Weak Reference
    __arm_preinit_                            - Undefined Weak Reference
    __cpp_initialize__aeabi_                  - Undefined Weak Reference
    __cxa_finalize                            - Undefined Weak Reference
    __sigvec_lookup                           - Undefined Weak Reference
    _atexit_init                              - Undefined Weak Reference
    _call_atexit_fns                          - Undefined Weak Reference
    _clock_init                               - Undefined Weak Reference
    _fp_trap_init                             - Undefined Weak Reference
    _fp_trap_shutdown                         - Undefined Weak Reference
    _get_lc_collate                           - Undefined Weak Reference
    _get_lc_monetary                          - Undefined Weak Reference
    _get_lc_time                              - Undefined Weak Reference
    _getenv_init                              - Undefined Weak Reference
    _handle_redirection                       - Undefined Weak Reference
    _init_alloc                               - Undefined Weak Reference
    _init_user_alloc                          - Undefined Weak Reference
    _initio                                   - Undefined Weak Reference
    _printf_fp_hex                            - Undefined Weak Reference
    _printf_mbtowc                            - Undefined Weak Reference
    _printf_wc                                - Undefined Weak Reference
    _signal_finish                            - Undefined Weak Reference
    _signal_init                              - Undefined Weak Reference
    _terminate_alloc                          - Undefined Weak Reference
    _terminate_user_alloc                     - Undefined Weak Reference
    _terminateio                              - Undefined Weak Reference
    __Vectors_Size                           0x000000ec   Number         0  startup_stm32f10x_md.o ABSOLUTE
    __Vectors                                0x08000000   Data           4  startup_stm32f10x_md.o(RESET)
    __Vectors_End                            0x080000ec   Data           0  startup_stm32f10x_md.o(RESET)
    __main                                   0x080000ed   Thumb Code     8  __main.o(!!!main)
    __scatterload                            0x080000f5   Thumb Code     0  __scatter.o(!!!scatter)
    __scatterload_rt2                        0x080000f5   Thumb Code    44  __scatter.o(!!!scatter)
    __scatterload_rt2_thumb_only             0x080000f5   Thumb Code     0  __scatter.o(!!!scatter)
    __scatterload_null                       0x08000103   Thumb Code     0  __scatter.o(!!!scatter)
    __scatterload_copy                       0x08000129   Thumb Code    26  __scatter_copy.o(!!handler_copy)
    __scatterload_zeroinit                   0x08000145   Thumb Code    28  __scatter_zi.o(!!handler_zi)
    _printf_f                                0x08000161   Thumb Code     0  _printf_f.o(.ARM.Collect$$_printf_percent$$00000003)
    _printf_percent                          0x08000161   Thumb Code     0  _printf_percent.o(.ARM.Collect$$_printf_percent$$00000000)
    _printf_percent_end                      0x08000167   Thumb Code     0  _printf_percent_end.o(.ARM.Collect$$_printf_percent$$00000017)
    __rt_lib_init                            0x0800016b   Thumb Code     0  libinit.o(.ARM.Collect$$libinit$$00000000)
    __rt_lib_init_fp_1                       0x0800016d   Thumb Code     0  libinit2.o(.ARM.Collect$$libinit$$00000002)
    __rt_lib_init_heap_1                     0x0800016d   Thumb Code     0  libinit2.o(.ARM.Collect$$libinit$$0000000A)
    __rt_lib_init_preinit_1                  0x0800016d   Thumb Code     0  libinit2.o(.ARM.Collect$$libinit$$00000004)
    __rt_lib_init_rand_2                     0x0800016d   Thumb Code     0  libinit2.o(.ARM.Collect$$libinit$$0000000D)
    __rt_lib_init_user_alloc_1               0x0800016d   Thumb Code     0  libinit2.o(.ARM.Collect$$libinit$$0000000C)
    __rt_lib_init_lc_common                  0x08000171   Thumb Code     0  libinit2.o(.ARM.Collect$$libinit$$0000000F)
    __rt_lib_init_rand_1                     0x08000171   Thumb Code     0  libinit2.o(.ARM.Collect$$libinit$$0000000E)
    __rt_lib_init_lc_collate_1               0x08000177   Thumb Code     0  libinit2.o(.ARM.Collect$$libinit$$00000011)
    __rt_lib_init_lc_ctype_1                 0x08000177   Thumb Code     0  libinit2.o(.ARM.Collect$$libinit$$00000013)
    __rt_lib_init_lc_monetary_1              0x08000177   Thumb Code     0  libinit2.o(.ARM.Collect$$libinit$$00000015)
    __rt_lib_init_lc_numeric_2               0x08000177   Thumb Code     0  libinit2.o(.ARM.Collect$$libinit$$00000016)
    __rt_lib_init_alloca_1                   0x08000181   Thumb Code     0  libinit2.o(.ARM.Collect$$libinit$$0000002E)
    __rt_lib_init_argv_1                     0x08000181   Thumb Code     0  libinit2.o(.ARM.Collect$$libinit$$0000002C)
    __rt_lib_init_atexit_1                   0x08000181   Thumb Code     0  libinit2.o(.ARM.Collect$$libinit$$0000001B)
    __rt_lib_init_clock_1                    0x08000181   Thumb Code     0  libinit2.o(.ARM.Collect$$libinit$$00000021)
    __rt_lib_init_cpp_1                      0x08000181   Thumb Code     0  libinit2.o(.ARM.Collect$$libinit$$00000032)
    __rt_lib_init_exceptions_1               0x08000181   Thumb Code     0  libinit2.o(.ARM.Collect$$libinit$$00000030)
    __rt_lib_init_fp_trap_1                  0x08000181   Thumb Code     0  libinit2.o(.ARM.Collect$$libinit$$0000001F)
    __rt_lib_init_getenv_1                   0x08000181   Thumb Code     0  libinit2.o(.ARM.Collect$$libinit$$00000023)
    __rt_lib_init_lc_numeric_1               0x08000181   Thumb Code     0  libinit2.o(.ARM.Collect$$libinit$$00000017)
    __rt_lib_init_lc_time_1                  0x08000181   Thumb Code     0  libinit2.o(.ARM.Collect$$libinit$$00000019)
    __rt_lib_init_return                     0x08000181   Thumb Code     0  libinit2.o(.ARM.Collect$$libinit$$00000033)
    __rt_lib_init_signal_1                   0x08000181   Thumb Code     0  libinit2.o(.ARM.Collect$$libinit$$0000001D)
    __rt_lib_init_stdio_1                    0x08000181   Thumb Code     0  libinit2.o(.ARM.Collect$$libinit$$00000025)
    __rt_lib_shutdown                        0x08000183   Thumb Code     0  libshutdown.o(.ARM.Collect$$libshutdown$$00000000)
    __rt_lib_shutdown_cpp_1                  0x08000185   Thumb Code     0  libshutdown2.o(.ARM.Collect$$libshutdown$$00000002)
    __rt_lib_shutdown_fp_trap_1              0x08000185   Thumb Code     0  libshutdown2.o(.ARM.Collect$$libshutdown$$00000007)
    __rt_lib_shutdown_heap_1                 0x08000185   Thumb Code     0  libshutdown2.o(.ARM.Collect$$libshutdown$$0000000F)
    __rt_lib_shutdown_return                 0x08000185   Thumb Code     0  libshutdown2.o(.ARM.Collect$$libshutdown$$00000010)
    __rt_lib_shutdown_signal_1               0x08000185   Thumb Code     0  libshutdown2.o(.ARM.Collect$$libshutdown$$0000000A)
    __rt_lib_shutdown_stdio_1                0x08000185   Thumb Code     0  libshutdown2.o(.ARM.Collect$$libshutdown$$00000004)
    __rt_lib_shutdown_user_alloc_1           0x08000185   Thumb Code     0  libshutdown2.o(.ARM.Collect$$libshutdown$$0000000C)
    __rt_entry                               0x08000187   Thumb Code     0  __rtentry.o(.ARM.Collect$$rtentry$$00000000)
    __rt_entry_presh_1                       0x08000187   Thumb Code     0  __rtentry2.o(.ARM.Collect$$rtentry$$00000002)
    __rt_entry_sh                            0x08000187   Thumb Code     0  __rtentry4.o(.ARM.Collect$$rtentry$$00000004)
    __rt_entry_li                            0x0800018d   Thumb Code     0  __rtentry2.o(.ARM.Collect$$rtentry$$0000000A)
    __rt_entry_postsh_1                      0x0800018d   Thumb Code     0  __rtentry2.o(.ARM.Collect$$rtentry$$00000009)
    __rt_entry_main                          0x08000191   Thumb Code     0  __rtentry2.o(.ARM.Collect$$rtentry$$0000000D)
    __rt_entry_postli_1                      0x08000191   Thumb Code     0  __rtentry2.o(.ARM.Collect$$rtentry$$0000000C)
    __rt_exit                                0x08000199   Thumb Code     0  rtexit.o(.ARM.Collect$$rtexit$$00000000)
    __rt_exit_ls                             0x0800019b   Thumb Code     0  rtexit2.o(.ARM.Collect$$rtexit$$00000003)
    __rt_exit_prels_1                        0x0800019b   Thumb Code     0  rtexit2.o(.ARM.Collect$$rtexit$$00000002)
    __rt_exit_exit                           0x0800019f   Thumb Code     0  rtexit2.o(.ARM.Collect$$rtexit$$00000004)
    rand                                     0x080001a5   Thumb Code    48  rand.o(.emb_text)
    Reset_Handler                            0x080001d9   Thumb Code     8  startup_stm32f10x_md.o(.text)
    ADC1_2_IRQHandler                        0x080001f3   Thumb Code     0  startup_stm32f10x_md.o(.text)
    CAN1_RX1_IRQHandler                      0x080001f3   Thumb Code     0  startup_stm32f10x_md.o(.text)
    CAN1_SCE_IRQHandler                      0x080001f3   Thumb Code     0  startup_stm32f10x_md.o(.text)
    DMA1_Channel1_IRQHandler                 0x080001f3   Thumb Code     0  startup_stm32f10x_md.o(.text)
    DMA1_Channel2_IRQHandler                 0x080001f3   Thumb Code     0  startup_stm32f10x_md.o(.text)
    DMA1_Channel3_IRQHandler                 0x080001f3   Thumb Code     0  startup_stm32f10x_md.o(.text)
    DMA1_Channel4_IRQHandler                 0x080001f3   Thumb Code     0  startup_stm32f10x_md.o(.text)
    DMA1_Channel5_IRQHandler                 0x080001f3   Thumb Code     0  startup_stm32f10x_md.o(.text)
    DMA1_Channel6_IRQHandler                 0x080001f3   Thumb Code     0  startup_stm32f10x_md.o(.text)
    DMA1_Channel7_IRQHandler                 0x080001f3   Thumb Code     0  startup_stm32f10x_md.o(.text)
    EXTI0_IRQHandler                         0x080001f3   Thumb Code     0  startup_stm32f10x_md.o(.text)
    EXTI15_10_IRQHandler                     0x080001f3   Thumb Code     0  startup_stm32f10x_md.o(.text)
    EXTI1_IRQHandler                         0x080001f3   Thumb Code     0  startup_stm32f10x_md.o(.text)
    EXTI2_IRQHandler                         0x080001f3   Thumb Code     0  startup_stm32f10x_md.o(.text)
    EXTI3_IRQHandler                         0x080001f3   Thumb Code     0  startup_stm32f10x_md.o(.text)
    EXTI4_IRQHandler                         0x080001f3   Thumb Code     0  startup_stm32f10x_md.o(.text)
    EXTI9_5_IRQHandler                       0x080001f3   Thumb Code     0  startup_stm32f10x_md.o(.text)
    FLASH_IRQHandler                         0x080001f3   Thumb Code     0  startup_stm32f10x_md.o(.text)
    I2C1_ER_IRQHandler                       0x080001f3   Thumb Code     0  startup_stm32f10x_md.o(.text)
    I2C1_EV_IRQHandler                       0x080001f3   Thumb Code     0  startup_stm32f10x_md.o(.text)
    I2C2_ER_IRQHandler                       0x080001f3   Thumb Code     0  startup_stm32f10x_md.o(.text)
    I2C2_EV_IRQHandler                       0x080001f3   Thumb Code     0  startup_stm32f10x_md.o(.text)
    PVD_IRQHandler                           0x080001f3   Thumb Code     0  startup_stm32f10x_md.o(.text)
    RCC_IRQHandler                           0x080001f3   Thumb Code     0  startup_stm32f10x_md.o(.text)
    RTCAlarm_IRQHandler                      0x080001f3   Thumb Code     0  startup_stm32f10x_md.o(.text)
    RTC_IRQHandler                           0x080001f3   Thumb Code     0  startup_stm32f10x_md.o(.text)
    SPI1_IRQHandler                          0x080001f3   Thumb Code     0  startup_stm32f10x_md.o(.text)
    SPI2_IRQHandler                          0x080001f3   Thumb Code     0  startup_stm32f10x_md.o(.text)
    TAMPER_IRQHandler                        0x080001f3   Thumb Code     0  startup_stm32f10x_md.o(.text)
    TIM1_BRK_IRQHandler                      0x080001f3   Thumb Code     0  startup_stm32f10x_md.o(.text)
    TIM1_CC_IRQHandler                       0x080001f3   Thumb Code     0  startup_stm32f10x_md.o(.text)
    TIM1_TRG_COM_IRQHandler                  0x080001f3   Thumb Code     0  startup_stm32f10x_md.o(.text)
    TIM2_IRQHandler                          0x080001f3   Thumb Code     0  startup_stm32f10x_md.o(.text)
    TIM3_IRQHandler                          0x080001f3   Thumb Code     0  startup_stm32f10x_md.o(.text)
    TIM4_IRQHandler                          0x080001f3   Thumb Code     0  startup_stm32f10x_md.o(.text)
    USART1_IRQHandler                        0x080001f3   Thumb Code     0  startup_stm32f10x_md.o(.text)
    USART3_IRQHandler                        0x080001f3   Thumb Code     0  startup_stm32f10x_md.o(.text)
    USBWakeUp_IRQHandler                     0x080001f3   Thumb Code     0  startup_stm32f10x_md.o(.text)
    USB_HP_CAN1_TX_IRQHandler                0x080001f3   Thumb Code     0  startup_stm32f10x_md.o(.text)
    USB_LP_CAN1_RX0_IRQHandler               0x080001f3   Thumb Code     0  startup_stm32f10x_md.o(.text)
    WWDG_IRQHandler                          0x080001f3   Thumb Code     0  startup_stm32f10x_md.o(.text)
    __user_initial_stackheap                 0x080001f5   Thumb Code     0  startup_stm32f10x_md.o(.text)
    __2sprintf                               0x08000219   Thumb Code    38  __2sprintf.o(.text)
    __printf                                 0x08000245   Thumb Code   388  __printf_flags_ss_wp.o(.text)
    srand                                    0x080003cd   Thumb Code    42  rand.o(.text)
    _rand_init                               0x080003f7   Thumb Code     4  rand.o(.text)
    __aeabi_memclr4                          0x08000409   Thumb Code     0  rt_memclr_w.o(.text)
    __aeabi_memclr8                          0x08000409   Thumb Code     0  rt_memclr_w.o(.text)
    __rt_memclr_w                            0x08000409   Thumb Code    78  rt_memclr_w.o(.text)
    _memset_w                                0x0800040d   Thumb Code     0  rt_memclr_w.o(.text)
    strcmp                                   0x08000459   Thumb Code   128  strcmpv7m.o(.text)
    __use_two_region_memory                  0x080004d9   Thumb Code     2  heapauxi.o(.text)
    __rt_heap_escrow$2region                 0x080004db   Thumb Code     2  heapauxi.o(.text)
    __rt_heap_expand$2region                 0x080004dd   Thumb Code     2  heapauxi.o(.text)
    __lib_sel_fp_printf                      0x080004df   Thumb Code     2  _printf_fp_dec.o(.text)
    _printf_fp_dec_real                      0x08000691   Thumb Code   620  _printf_fp_dec.o(.text)
    _printf_char_common                      0x08000907   Thumb Code    32  _printf_char_common.o(.text)
    _sputc                                   0x0800092d   Thumb Code    10  _sputc.o(.text)
    __rt_locale                              0x08000939   Thumb Code     8  rt_locale_intlibspace.o(.text)
    _ll_udiv10                               0x08000941   Thumb Code   138  lludiv10.o(.text)
    _printf_fp_infnan                        0x080009cd   Thumb Code   112  _printf_fp_infnan.o(.text)
    _btod_etento                             0x08000a4d   Thumb Code   224  bigflt0.o(.text)
    __user_libspace                          0x08000b31   Thumb Code     8  libspace.o(.text)
    __user_perproc_libspace                  0x08000b31   Thumb Code     0  libspace.o(.text)
    __user_perthread_libspace                0x08000b31   Thumb Code     0  libspace.o(.text)
    __user_setup_stackheap                   0x08000b39   Thumb Code    74  sys_stackheap_outer.o(.text)
    exit                                     0x08000b83   Thumb Code    18  exit.o(.text)
    __I$use$semihosting                      0x08000b95   Thumb Code     0  use_no_semi.o(.text)
    __use_no_semihosting_swi                 0x08000b95   Thumb Code     2  use_no_semi.o(.text)
    __semihosting_library_function           0x08000b97   Thumb Code     0  indicate_semi.o(.text)
    _sys_exit                                0x08000b99   Thumb Code     8  sys_exit.o(.text)
    _btod_d2e                                0x08000ba5   Thumb Code    62  btod.o(CL$$btod_d2e)
    _d2e_denorm_low                          0x08000be3   Thumb Code    70  btod.o(CL$$btod_d2e_denorm_low)
    _d2e_norm_op1                            0x08000c29   Thumb Code    96  btod.o(CL$$btod_d2e_norm_op1)
    __btod_div_common                        0x08000c89   Thumb Code   696  btod.o(CL$$btod_div_common)
    _e2e                                     0x08000fc1   Thumb Code   220  btod.o(CL$$btod_e2e)
    _btod_ediv                               0x0800109d   Thumb Code    42  btod.o(CL$$btod_ediv)
    _btod_emul                               0x080010c7   Thumb Code    42  btod.o(CL$$btod_emul)
    __btod_mult_common                       0x080010f1   Thumb Code   580  btod.o(CL$$btod_mult_common)
    ADC_Cmd                                  0x08001335   Thumb Code    22  stm32f10x_adc.o(i.ADC_Cmd)
    ADC_GetCalibrationStatus                 0x0800134b   Thumb Code    20  stm32f10x_adc.o(i.ADC_GetCalibrationStatus)
    ADC_GetConversionValue                   0x0800135f   Thumb Code     8  stm32f10x_adc.o(i.ADC_GetConversionValue)
    ADC_GetFlagStatus                        0x08001367   Thumb Code    18  stm32f10x_adc.o(i.ADC_GetFlagStatus)
    ADC_GetResetCalibrationStatus            0x08001379   Thumb Code    20  stm32f10x_adc.o(i.ADC_GetResetCalibrationStatus)
    ADC_Init                                 0x0800138d   Thumb Code    70  stm32f10x_adc.o(i.ADC_Init)
    ADC_RegularChannelConfig                 0x080013dd   Thumb Code   184  stm32f10x_adc.o(i.ADC_RegularChannelConfig)
    ADC_ResetCalibration                     0x08001495   Thumb Code    10  stm32f10x_adc.o(i.ADC_ResetCalibration)
    ADC_SoftwareStartConvCmd                 0x0800149f   Thumb Code    22  stm32f10x_adc.o(i.ADC_SoftwareStartConvCmd)
    ADC_StartCalibration                     0x080014b5   Thumb Code    10  stm32f10x_adc.o(i.ADC_StartCalibration)
    ADCx_Init                                0x080014c1   Thumb Code   140  adc.o(i.ADCx_Init)
    Backward                                 0x08001555   Thumb Code   282  mode.o(i.Backward)
    Blink                                    0x0800167d   Thumb Code    40  oled_content.o(i.Blink)
    BusFault_Handler                         0x080016a9   Thumb Code     4  stm32f10x_it.o(i.BusFault_Handler)
    Cute_squint                              0x080016ad   Thumb Code    24  oled_content.o(i.Cute_squint)
    Dance                                    0x080016c9   Thumb Code  1116  mode.o(i.Dance)
    DebugMon_Handler                         0x08001b25   Thumb Code     2  stm32f10x_it.o(i.DebugMon_Handler)
    Ellipse_eyes                             0x08001b29   Thumb Code    40  oled_content.o(i.Ellipse_eyes)
    Ellipse_left                             0x08001b55   Thumb Code    40  oled_content.o(i.Ellipse_left)
    Ellipse_right                            0x08001b85   Thumb Code    40  oled_content.o(i.Ellipse_right)
    Erase_0pen_eyes                          0x08001bb5   Thumb Code    32  oled_content.o(i.Erase_0pen_eyes)
    Erase_Blink                              0x08001bd5   Thumb Code    32  oled_content.o(i.Erase_Blink)
    Erase_Ellipse_eyes                       0x08001bf5   Thumb Code    32  oled_content.o(i.Erase_Ellipse_eyes)
    Erase_Half_blink                         0x08001c15   Thumb Code    32  oled_content.o(i.Erase_Half_blink)
    Erase_Look_left                          0x08001c35   Thumb Code    32  oled_content.o(i.Erase_Look_left)
    Erase_Look_right                         0x08001c55   Thumb Code    32  oled_content.o(i.Erase_Look_right)
    Erase_Query_left                         0x08001c75   Thumb Code    44  oled_content.o(i.Erase_Query_left)
    Erase_Sleep                              0x08001ca1   Thumb Code     8  oled_content.o(i.Erase_Sleep)
    FLASH_ErasePage                          0x08001ca9   Thumb Code    72  stm32f10x_flash.o(i.FLASH_ErasePage)
    FLASH_GetBank1Status                     0x08001cf5   Thumb Code    48  stm32f10x_flash.o(i.FLASH_GetBank1Status)
    FLASH_Lock                               0x08001d29   Thumb Code    14  stm32f10x_flash.o(i.FLASH_Lock)
    FLASH_ProgramHalfWord                    0x08001d3d   Thumb Code    60  stm32f10x_flash.o(i.FLASH_ProgramHalfWord)
    FLASH_Unlock                             0x08001d7d   Thumb Code    12  stm32f10x_flash.o(i.FLASH_Unlock)
    FLASH_WaitForLastOperation               0x08001d95   Thumb Code    38  stm32f10x_flash.o(i.FLASH_WaitForLastOperation)
    For                                      0x08001dbd   Thumb Code   310  servo.o(i.For)
    Forward                                  0x08001ef9   Thumb Code   282  mode.o(i.Forward)
    GPIO_Init                                0x08002021   Thumb Code   278  stm32f10x_gpio.o(i.GPIO_Init)
    GPIO_SetBits                             0x08002137   Thumb Code     4  stm32f10x_gpio.o(i.GPIO_SetBits)
    GPIO_WriteBit                            0x0800213b   Thumb Code    10  stm32f10x_gpio.o(i.GPIO_WriteBit)
    Game                                     0x08002145   Thumb Code   180  game.o(i.Game)
    Game_Init                                0x08002209   Thumb Code   196  game.o(i.Game_Init)
    Get_ADC_Value                            0x080022d9   Thumb Code    80  adc.o(i.Get_ADC_Value)
    Half_blink                               0x0800232d   Thumb Code    40  oled_content.o(i.Half_blink)
    HardFault_Handler                        0x08002359   Thumb Code     4  stm32f10x_it.o(i.HardFault_Handler)
    Idle_task                                0x0800235d   Thumb Code   340  mode.o(i.Idle_task)
    IsFull                                   0x080024b9   Thumb Code    54  game.o(i.IsFull)
    LED_Init                                 0x080024f1   Thumb Code    50  led.o(i.LED_Init)
    Left                                     0x08002529   Thumb Code   190  mode.o(i.Left)
    Look_left                                0x080025f5   Thumb Code    40  oled_content.o(i.Look_left)
    Look_right                               0x08002621   Thumb Code    40  oled_content.o(i.Look_right)
    MemManage_Handler                        0x0800264d   Thumb Code     4  stm32f10x_it.o(i.MemManage_Handler)
    MyFLASH_ErasePages                       0x08002651   Thumb Code    20  flash.o(i.MyFLASH_ErasePages)
    MyFLASH_ProgramHalfWord                  0x08002665   Thumb Code    24  flash.o(i.MyFLASH_ProgramHalfWord)
    MyFLASH_ReadHalfWord                     0x0800267d   Thumb Code     6  flash.o(i.MyFLASH_ReadHalfWord)
    NMI_Handler                              0x08002683   Thumb Code     2  stm32f10x_it.o(i.NMI_Handler)
    NVIC_Init                                0x08002685   Thumb Code   100  misc.o(i.NVIC_Init)
    NVIC_PriorityGroupConfig                 0x080026f5   Thumb Code    10  misc.o(i.NVIC_PriorityGroupConfig)
    OLED_Clear                               0x08002709   Thumb Code    36  oled.o(i.OLED_Clear)
    OLED_ClearArea                           0x08002731   Thumb Code   140  oled.o(i.OLED_ClearArea)
    OLED_Electricity                         0x080027c1   Thumb Code   384  oled_content.o(i.OLED_Electricity)
    OLED_GPIO_Init                           0x08002991   Thumb Code    92  oled.o(i.OLED_GPIO_Init)
    OLED_I2C_SendByte                        0x080029f1   Thumb Code    62  oled.o(i.OLED_I2C_SendByte)
    OLED_I2C_Start                           0x08002a2f   Thumb Code    28  oled.o(i.OLED_I2C_Start)
    OLED_I2C_Stop                            0x08002a4b   Thumb Code    22  oled.o(i.OLED_I2C_Stop)
    OLED_Init                                0x08002a61   Thumb Code   154  oled.o(i.OLED_Init)
    OLED_Pow                                 0x08002afb   Thumb Code    20  oled.o(i.OLED_Pow)
    OLED_SetCursor                           0x08002b0f   Thumb Code    34  oled.o(i.OLED_SetCursor)
    OLED_ShowChar                            0x08002b31   Thumb Code    74  oled.o(i.OLED_ShowChar)
    OLED_ShowImage                           0x08002b85   Thumb Code   248  oled.o(i.OLED_ShowImage)
    OLED_ShowNum                             0x08002c81   Thumb Code    76  oled.o(i.OLED_ShowNum)
    OLED_ShowString                          0x08002ccd   Thumb Code    46  oled.o(i.OLED_ShowString)
    OLED_Update                              0x08002cfd   Thumb Code    36  oled.o(i.OLED_Update)
    OLED_W_SCL                               0x08002d25   Thumb Code    18  oled.o(i.OLED_W_SCL)
    OLED_W_SDA                               0x08002d3d   Thumb Code    18  oled.o(i.OLED_W_SDA)
    OLED_WriteCommand                        0x08002d55   Thumb Code    32  oled.o(i.OLED_WriteCommand)
    OLED_WriteData                           0x08002d75   Thumb Code    46  oled.o(i.OLED_WriteData)
    OLED_chess                               0x08002da5   Thumb Code   456  game.o(i.OLED_chess)
    Open_eyes                                0x08002f75   Thumb Code    40  oled_content.o(i.Open_eyes)
    PendSV_Handler                           0x08002fa1   Thumb Code     2  stm32f10x_it.o(i.PendSV_Handler)
    Query_left                               0x08002fa5   Thumb Code    56  oled_content.o(i.Query_left)
    RCC_ADCCLKConfig                         0x08002fe9   Thumb Code    18  stm32f10x_rcc.o(i.RCC_ADCCLKConfig)
    RCC_APB1PeriphClockCmd                   0x08003001   Thumb Code    26  stm32f10x_rcc.o(i.RCC_APB1PeriphClockCmd)
    RCC_APB2PeriphClockCmd                   0x08003021   Thumb Code    26  stm32f10x_rcc.o(i.RCC_APB2PeriphClockCmd)
    RCC_GetClocksFreq                        0x08003041   Thumb Code   192  stm32f10x_rcc.o(i.RCC_GetClocksFreq)
    Right                                    0x08003115   Thumb Code   190  mode.o(i.Right)
    SVC_Handler                              0x080031e1   Thumb Code     2  stm32f10x_it.o(i.SVC_Handler)
    Servo_Amend                              0x080031e5   Thumb Code   306  servo.o(i.Servo_Amend)
    Servo_Control                            0x0800332d   Thumb Code   408  servo.o(i.Servo_Control)
    Shake_hands                              0x080035cd   Thumb Code   278  mode.o(i.Shake_hands)
    Shake_leg                                0x08003711   Thumb Code   446  mode.o(i.Shake_leg)
    Shift_left                               0x080038f9   Thumb Code    80  mode.o(i.Shift_left)
    Shift_right                              0x08003959   Thumb Code    76  mode.o(i.Shift_right)
    Sleep1                                   0x080039b5   Thumb Code    24  oled_content.o(i.Sleep1)
    Sleep2                                   0x080039d1   Thumb Code    24  oled_content.o(i.Sleep2)
    Squint                                   0x080039ed   Thumb Code    24  oled_content.o(i.Squint)
    Store_Init                               0x08003a09   Thumb Code    96  flash.o(i.Store_Init)
    Store_Save                               0x08003a71   Thumb Code    40  flash.o(i.Store_Save)
    SysTick_CLKSourceConfig                  0x08003aa1   Thumb Code    40  misc.o(i.SysTick_CLKSourceConfig)
    SysTick_Handler                          0x08003ac9   Thumb Code     2  stm32f10x_it.o(i.SysTick_Handler)
    SystemInit                               0x08003acd   Thumb Code    78  system_stm32f10x.o(i.SystemInit)
    TIM1_Init                                0x08003b2d   Thumb Code   116  mode.o(i.TIM1_Init)
    TIM1_UP_IRQHandler                       0x08003ba5   Thumb Code    32  mode.o(i.TIM1_UP_IRQHandler)
    TIM2_Init                                0x08003bcd   Thumb Code   144  servo.o(i.TIM2_Init)
    TIM3_Init                                0x08003c61   Thumb Code   164  servo.o(i.TIM3_Init)
    TIM_ClearITPendingBit                    0x08003d11   Thumb Code     6  stm32f10x_tim.o(i.TIM_ClearITPendingBit)
    TIM_Cmd                                  0x08003d17   Thumb Code    24  stm32f10x_tim.o(i.TIM_Cmd)
    TIM_GetITStatus                          0x08003d2f   Thumb Code    34  stm32f10x_tim.o(i.TIM_GetITStatus)
    TIM_ITConfig                             0x08003d51   Thumb Code    18  stm32f10x_tim.o(i.TIM_ITConfig)
    TIM_OC1Init                              0x08003d65   Thumb Code   132  stm32f10x_tim.o(i.TIM_OC1Init)
    TIM_OC1PreloadConfig                     0x08003dfd   Thumb Code    18  stm32f10x_tim.o(i.TIM_OC1PreloadConfig)
    TIM_OC2Init                              0x08003e11   Thumb Code   154  stm32f10x_tim.o(i.TIM_OC2Init)
    TIM_OC2PreloadConfig                     0x08003eb5   Thumb Code    26  stm32f10x_tim.o(i.TIM_OC2PreloadConfig)
    TIM_OC3Init                              0x08003ed1   Thumb Code   150  stm32f10x_tim.o(i.TIM_OC3Init)
    TIM_OC3PreloadConfig                     0x08003f71   Thumb Code    18  stm32f10x_tim.o(i.TIM_OC3PreloadConfig)
    TIM_SetCompare1                          0x08003f83   Thumb Code     4  stm32f10x_tim.o(i.TIM_SetCompare1)
    TIM_SetCompare2                          0x08003f87   Thumb Code     4  stm32f10x_tim.o(i.TIM_SetCompare2)
    TIM_SetCompare3                          0x08003f8b   Thumb Code     4  stm32f10x_tim.o(i.TIM_SetCompare3)
    TIM_TimeBaseInit                         0x08003f91   Thumb Code   122  stm32f10x_tim.o(i.TIM_TimeBaseInit)
    USART2_IRQHandler                        0x08004035   Thumb Code   672  tianwen.o(i.USART2_IRQHandler)
    USART2_Init                              0x08004301   Thumb Code   162  tianwen.o(i.USART2_Init)
    USART_Cmd                                0x080043ad   Thumb Code    24  stm32f10x_usart.o(i.USART_Cmd)
    USART_GetFlagStatus                      0x080043c5   Thumb Code    26  stm32f10x_usart.o(i.USART_GetFlagStatus)
    USART_GetITStatus                        0x080043df   Thumb Code    84  stm32f10x_usart.o(i.USART_GetITStatus)
    USART_ITConfig                           0x08004433   Thumb Code    74  stm32f10x_usart.o(i.USART_ITConfig)
    USART_Init                               0x0800447d   Thumb Code   210  stm32f10x_usart.o(i.USART_Init)
    USART_ReceiveData                        0x08004555   Thumb Code    10  stm32f10x_usart.o(i.USART_ReceiveData)
    USART_SendData                           0x0800455f   Thumb Code     8  stm32f10x_usart.o(i.USART_SendData)
    UsageFault_Handler                       0x08004567   Thumb Code     4  stm32f10x_it.o(i.UsageFault_Handler)
    Vol_warn                                 0x0800456d   Thumb Code   132  oled_content.o(i.Vol_warn)
    __ARM_fpclassify                         0x08004611   Thumb Code    40  fpclassify.o(i.__ARM_fpclassify)
    _is_digit                                0x08004639   Thumb Code    14  __printf_wp.o(i._is_digit)
    attack                                   0x08004647   Thumb Code   690  game.o(i.attack)
    defense                                  0x080048f9   Thumb Code   690  game.o(i.defense)
    delay_init                               0x08004bad   Thumb Code    50  delay.o(i.delay_init)
    delay_ms                                 0x08004bf1   Thumb Code    72  delay.o(i.delay_ms)
    delay_us                                 0x08004c3d   Thumb Code    72  delay.o(i.delay_us)
    judge                                    0x08004c89   Thumb Code   210  game.o(i.judge)
    main                                     0x08004d5d   Thumb Code   360  main.o(i.main)
    playerA                                  0x08004ed1   Thumb Code   224  game.o(i.playerA)
    playerB                                  0x08004fbd   Thumb Code    88  game.o(i.playerB)
    usart2_send                              0x08005015   Thumb Code    42  game.o(i.usart2_send)
    _get_lc_numeric                          0x08005045   Thumb Code    44  lc_numeric_c.o(locale$$code)
    __aeabi_d2f                              0x08005071   Thumb Code     0  d2f.o(x$fpl$d2f)
    _d2f                                     0x08005071   Thumb Code    98  d2f.o(x$fpl$d2f)
    __aeabi_dadd                             0x080050d5   Thumb Code     0  daddsub_clz.o(x$fpl$dadd)
    _dadd                                    0x080050d5   Thumb Code   332  daddsub_clz.o(x$fpl$dadd)
    __fpl_dcmp_Inf                           0x08005225   Thumb Code    24  dcmpi.o(x$fpl$dcmpinf)
    __aeabi_ddiv                             0x0800523d   Thumb Code     0  ddiv.o(x$fpl$ddiv)
    _ddiv                                    0x0800523d   Thumb Code   552  ddiv.o(x$fpl$ddiv)
    __aeabi_d2iz                             0x080054ed   Thumb Code     0  dfix.o(x$fpl$dfix)
    _dfix                                    0x080054ed   Thumb Code    94  dfix.o(x$fpl$dfix)
    __aeabi_cdcmple                          0x0800554d   Thumb Code     0  dleqf.o(x$fpl$dleqf)
    _dcmple                                  0x0800554d   Thumb Code   120  dleqf.o(x$fpl$dleqf)
    __fpl_dcmple_InfNaN                      0x080055af   Thumb Code     0  dleqf.o(x$fpl$dleqf)
    __aeabi_dmul                             0x080055c5   Thumb Code     0  dmul.o(x$fpl$dmul)
    _dmul                                    0x080055c5   Thumb Code   332  dmul.o(x$fpl$dmul)
    __fpl_dnaninf                            0x08005719   Thumb Code   156  dnaninf.o(x$fpl$dnaninf)
    __fpl_dretinf                            0x080057b5   Thumb Code    12  dretinf.o(x$fpl$dretinf)
    __aeabi_cdrcmple                         0x080057c1   Thumb Code     0  drleqf.o(x$fpl$drleqf)
    _drcmple                                 0x080057c1   Thumb Code   108  drleqf.o(x$fpl$drleqf)
    __aeabi_drsub                            0x0800582d   Thumb Code     0  daddsub_clz.o(x$fpl$drsb)
    _drsb                                    0x0800582d   Thumb Code    22  daddsub_clz.o(x$fpl$drsb)
    __aeabi_dsub                             0x08005845   Thumb Code     0  daddsub_clz.o(x$fpl$dsub)
    _dsub                                    0x08005845   Thumb Code   464  daddsub_clz.o(x$fpl$dsub)
    __aeabi_f2d                              0x08005a19   Thumb Code     0  f2d.o(x$fpl$f2d)
    _f2d                                     0x08005a19   Thumb Code    86  f2d.o(x$fpl$f2d)
    __aeabi_i2f                              0x08005a71   Thumb Code     0  fflt_clz.o(x$fpl$fflt)
    _fflt                                    0x08005a71   Thumb Code    48  fflt_clz.o(x$fpl$fflt)
    __aeabi_ui2f                             0x08005aa1   Thumb Code     0  fflt_clz.o(x$fpl$ffltu)
    _ffltu                                   0x08005aa1   Thumb Code    38  fflt_clz.o(x$fpl$ffltu)
    __aeabi_fmul                             0x08005ac9   Thumb Code     0  fmul.o(x$fpl$fmul)
    _fmul                                    0x08005ac9   Thumb Code   258  fmul.o(x$fpl$fmul)
    __fpl_fnaninf                            0x08005bcb   Thumb Code   140  fnaninf.o(x$fpl$fnaninf)
    __fpl_fretinf                            0x08005c57   Thumb Code    10  fretinf.o(x$fpl$fretinf)
    _printf_fp_dec                           0x08005c61   Thumb Code     4  printf1.o(x$fpl$printf1)
    OLED_F8x16                               0x08005c64   Data        1520  oled_data.o(.constdata)
    __I$use$fp                               0x08005c64   Number         0  usenofp.o(x$fpl$usenofp)
    OLED_F6x8                                0x08006254   Data         570  oled_data.o(.constdata)
    OLED_CF16x16                             0x0800648e   Data         665  oled_data.o(.constdata)
    Diode                                    0x08006727   Data          32  oled_data.o(.constdata)
    Cell0                                    0x08006747   Data          30  oled_data.o(.constdata)
    Cell1                                    0x08006765   Data          30  oled_data.o(.constdata)
    Cell2                                    0x08006783   Data          30  oled_data.o(.constdata)
    Cell3                                    0x080067a1   Data          30  oled_data.o(.constdata)
    PlayA                                    0x080067bf   Data          32  oled_data.o(.constdata)
    PlayB                                    0x080067df   Data          32  oled_data.o(.constdata)
    Query1                                   0x080067ff   Data          60  oled_data.o(.constdata)
    Query2                                   0x0800683b   Data          60  oled_data.o(.constdata)
    eye1                                     0x08006877   Data         120  oled_data.o(.constdata)
    eyeA                                     0x080068ef   Data         200  oled_data.o(.constdata)
    eyeB                                     0x080069b7   Data         200  oled_data.o(.constdata)
    eyeC                                     0x08006a7f   Data         200  oled_data.o(.constdata)
    eyeD                                     0x08006b47   Data         200  oled_data.o(.constdata)
    eyeE                                     0x08006c0f   Data         205  oled_data.o(.constdata)
    eyeF                                     0x08006cdc   Data         200  oled_data.o(.constdata)
    eyeG                                     0x08006da4   Data         200  oled_data.o(.constdata)
    eyeH                                     0x08006e6c   Data         200  oled_data.o(.constdata)
    eyeI                                     0x08006f34   Data         200  oled_data.o(.constdata)
    eyeJ                                     0x08006ffc   Data         200  oled_data.o(.constdata)
    eyeK                                     0x080070c4   Data         200  oled_data.o(.constdata)
    eyeL                                     0x0800718c   Data         200  oled_data.o(.constdata)
    eyeM                                     0x08007254   Data         200  oled_data.o(.constdata)
    eyeN                                     0x0800731c   Data         200  oled_data.o(.constdata)
    eyea                                     0x080073e4   Data         288  oled_data.o(.constdata)
    eyeb                                     0x08007504   Data         324  oled_data.o(.constdata)
    Chessboard                               0x08007648   Data         512  oled_data.o(.constdata)
    sleep1                                   0x08007848   Data        1024  oled_data.o(.constdata)
    sleep2                                   0x08007c48   Data        1024  oled_data.o(.constdata)
    squint                                   0x08008048   Data        1024  oled_data.o(.constdata)
    cute_squint                              0x08008448   Data        1024  oled_data.o(.constdata)
    Region$$Table$$Base                      0x080088f0   Number         0  anon$$obj.o(Region$$Table)
    Region$$Table$$Limit                     0x08008910   Number         0  anon$$obj.o(Region$$Table)
    SystemCoreClock                          0x20000000   Data           4  system_stm32f10x.o(.data)
    AHBPrescTable                            0x20000004   Data          16  system_stm32f10x.o(.data)
    count                                    0x20000014   Data           2  mode.o(.data)
    Time                                     0x20000016   Data           2  mode.o(.data)
    Sign                                     0x20000018   Data           4  mode.o(.data)
    Sign_records                             0x2000001c   Data           4  mode.o(.data)
    Execute_once                             0x20000020   Data           4  mode.o(.data)
    Servo_Voice                              0x20000024   Data           4  servo.o(.data)
    Servo_Sign                               0x20000028   Data           4  servo.o(.data)
    pwmval                                   0x2000002c   Data           2  servo.o(.data)
    delay                                    0x2000002e   Data           2  servo.o(.data)
    Voice_data                               0x20000030   Data           2  tianwen.o(.data)
    Chess_Voice                              0x20000034   Data           4  game.o(.data)
    Voice                                    0x20000038   Data           4  game.o(.data)
    ret                                      0x2000003c   Data           4  game.o(.data)
    OLED_DisplayBuf                          0x20000058   Data        1024  oled.o(.bss)
    Store_Data                               0x20000458   Data        1024  flash.o(.bss)
    _random_number_data                      0x20000858   Data         228  rand.o(.bss)
    __libspace_start                         0x2000093c   Data          96  libspace.o(.bss)
    __temporary_stack_top$libspace           0x2000099c   Data           0  libspace.o(.bss)



==============================================================================

Memory Map of the image

  Image Entry point : 0x080001d9

  Load Region LR_1 (Base: 0x08000000, Size: 0x00008984, Max: 0xffffffff, ABSOLUTE)

    Execution Region ER_RO (Exec base: 0x08000000, Load base: 0x08000000, Size: 0x0000892c, Max: 0xffffffff, ABSOLUTE)

    Exec Addr    Load Addr    Size         Type   Attr      Idx    E Section Name        Object

    0x08000000   0x08000000   0x000000ec   Data   RO         1149    RESET               startup_stm32f10x_md.o
    0x080000ec   0x080000ec   0x00000008   Code   RO         4164  * !!!main             c_w.l(__main.o)
    0x080000f4   0x080000f4   0x00000034   Code   RO         4566    !!!scatter          c_w.l(__scatter.o)
    0x08000128   0x08000128   0x0000001a   Code   RO         4568    !!handler_copy      c_w.l(__scatter_copy.o)
    0x08000142   0x08000142   0x00000002   PAD
    0x08000144   0x08000144   0x0000001c   Code   RO         4570    !!handler_zi        c_w.l(__scatter_zi.o)
    0x08000160   0x08000160   0x00000000   Code   RO         4152    .ARM.Collect$$_printf_percent$$00000000  c_w.l(_printf_percent.o)
    0x08000160   0x08000160   0x00000006   Code   RO         4151    .ARM.Collect$$_printf_percent$$00000003  c_w.l(_printf_f.o)
    0x08000166   0x08000166   0x00000004   Code   RO         4291    .ARM.Collect$$_printf_percent$$00000017  c_w.l(_printf_percent_end.o)
    0x0800016a   0x0800016a   0x00000002   Code   RO         4483    .ARM.Collect$$libinit$$00000000  c_w.l(libinit.o)
    0x0800016c   0x0800016c   0x00000000   Code   RO         4302    .ARM.Collect$$libinit$$00000002  c_w.l(libinit2.o)
    0x0800016c   0x0800016c   0x00000000   Code   RO         4304    .ARM.Collect$$libinit$$00000004  c_w.l(libinit2.o)
    0x0800016c   0x0800016c   0x00000000   Code   RO         4307    .ARM.Collect$$libinit$$0000000A  c_w.l(libinit2.o)
    0x0800016c   0x0800016c   0x00000000   Code   RO         4309    .ARM.Collect$$libinit$$0000000C  c_w.l(libinit2.o)
    0x0800016c   0x0800016c   0x00000004   Code   RO         4310    .ARM.Collect$$libinit$$0000000D  c_w.l(libinit2.o)
    0x08000170   0x08000170   0x00000000   Code   RO         4311    .ARM.Collect$$libinit$$0000000E  c_w.l(libinit2.o)
    0x08000170   0x08000170   0x00000006   Code   RO         4312    .ARM.Collect$$libinit$$0000000F  c_w.l(libinit2.o)
    0x08000176   0x08000176   0x00000000   Code   RO         4314    .ARM.Collect$$libinit$$00000011  c_w.l(libinit2.o)
    0x08000176   0x08000176   0x00000000   Code   RO         4316    .ARM.Collect$$libinit$$00000013  c_w.l(libinit2.o)
    0x08000176   0x08000176   0x00000000   Code   RO         4318    .ARM.Collect$$libinit$$00000015  c_w.l(libinit2.o)
    0x08000176   0x08000176   0x0000000a   Code   RO         4319    .ARM.Collect$$libinit$$00000016  c_w.l(libinit2.o)
    0x08000180   0x08000180   0x00000000   Code   RO         4320    .ARM.Collect$$libinit$$00000017  c_w.l(libinit2.o)
    0x08000180   0x08000180   0x00000000   Code   RO         4322    .ARM.Collect$$libinit$$00000019  c_w.l(libinit2.o)
    0x08000180   0x08000180   0x00000000   Code   RO         4324    .ARM.Collect$$libinit$$0000001B  c_w.l(libinit2.o)
    0x08000180   0x08000180   0x00000000   Code   RO         4326    .ARM.Collect$$libinit$$0000001D  c_w.l(libinit2.o)
    0x08000180   0x08000180   0x00000000   Code   RO         4328    .ARM.Collect$$libinit$$0000001F  c_w.l(libinit2.o)
    0x08000180   0x08000180   0x00000000   Code   RO         4330    .ARM.Collect$$libinit$$00000021  c_w.l(libinit2.o)
    0x08000180   0x08000180   0x00000000   Code   RO         4332    .ARM.Collect$$libinit$$00000023  c_w.l(libinit2.o)
    0x08000180   0x08000180   0x00000000   Code   RO         4334    .ARM.Collect$$libinit$$00000025  c_w.l(libinit2.o)
    0x08000180   0x08000180   0x00000000   Code   RO         4338    .ARM.Collect$$libinit$$0000002C  c_w.l(libinit2.o)
    0x08000180   0x08000180   0x00000000   Code   RO         4340    .ARM.Collect$$libinit$$0000002E  c_w.l(libinit2.o)
    0x08000180   0x08000180   0x00000000   Code   RO         4342    .ARM.Collect$$libinit$$00000030  c_w.l(libinit2.o)
    0x08000180   0x08000180   0x00000000   Code   RO         4344    .ARM.Collect$$libinit$$00000032  c_w.l(libinit2.o)
    0x08000180   0x08000180   0x00000002   Code   RO         4345    .ARM.Collect$$libinit$$00000033  c_w.l(libinit2.o)
    0x08000182   0x08000182   0x00000002   Code   RO         4527    .ARM.Collect$$libshutdown$$00000000  c_w.l(libshutdown.o)
    0x08000184   0x08000184   0x00000000   Code   RO         4533    .ARM.Collect$$libshutdown$$00000002  c_w.l(libshutdown2.o)
    0x08000184   0x08000184   0x00000000   Code   RO         4535    .ARM.Collect$$libshutdown$$00000004  c_w.l(libshutdown2.o)
    0x08000184   0x08000184   0x00000000   Code   RO         4538    .ARM.Collect$$libshutdown$$00000007  c_w.l(libshutdown2.o)
    0x08000184   0x08000184   0x00000000   Code   RO         4541    .ARM.Collect$$libshutdown$$0000000A  c_w.l(libshutdown2.o)
    0x08000184   0x08000184   0x00000000   Code   RO         4543    .ARM.Collect$$libshutdown$$0000000C  c_w.l(libshutdown2.o)
    0x08000184   0x08000184   0x00000000   Code   RO         4546    .ARM.Collect$$libshutdown$$0000000F  c_w.l(libshutdown2.o)
    0x08000184   0x08000184   0x00000002   Code   RO         4547    .ARM.Collect$$libshutdown$$00000010  c_w.l(libshutdown2.o)
    0x08000186   0x08000186   0x00000000   Code   RO         4228    .ARM.Collect$$rtentry$$00000000  c_w.l(__rtentry.o)
    0x08000186   0x08000186   0x00000000   Code   RO         4387    .ARM.Collect$$rtentry$$00000002  c_w.l(__rtentry2.o)
    0x08000186   0x08000186   0x00000006   Code   RO         4399    .ARM.Collect$$rtentry$$00000004  c_w.l(__rtentry4.o)
    0x0800018c   0x0800018c   0x00000000   Code   RO         4389    .ARM.Collect$$rtentry$$00000009  c_w.l(__rtentry2.o)
    0x0800018c   0x0800018c   0x00000004   Code   RO         4390    .ARM.Collect$$rtentry$$0000000A  c_w.l(__rtentry2.o)
    0x08000190   0x08000190   0x00000000   Code   RO         4392    .ARM.Collect$$rtentry$$0000000C  c_w.l(__rtentry2.o)
    0x08000190   0x08000190   0x00000008   Code   RO         4393    .ARM.Collect$$rtentry$$0000000D  c_w.l(__rtentry2.o)
    0x08000198   0x08000198   0x00000002   Code   RO         4488    .ARM.Collect$$rtexit$$00000000  c_w.l(rtexit.o)
    0x0800019a   0x0800019a   0x00000000   Code   RO         4505    .ARM.Collect$$rtexit$$00000002  c_w.l(rtexit2.o)
    0x0800019a   0x0800019a   0x00000004   Code   RO         4506    .ARM.Collect$$rtexit$$00000003  c_w.l(rtexit2.o)
    0x0800019e   0x0800019e   0x00000006   Code   RO         4507    .ARM.Collect$$rtexit$$00000004  c_w.l(rtexit2.o)
    0x080001a4   0x080001a4   0x00000034   Code   RO         4153    .emb_text           c_w.l(rand.o)
    0x080001d8   0x080001d8   0x00000040   Code   RO         1150  * .text               startup_stm32f10x_md.o
    0x08000218   0x08000218   0x0000002c   Code   RO         4125    .text               c_w.l(__2sprintf.o)
    0x08000244   0x08000244   0x00000188   Code   RO         4148    .text               c_w.l(__printf_flags_ss_wp.o)
    0x080003cc   0x080003cc   0x0000003c   Code   RO         4154    .text               c_w.l(rand.o)
    0x08000408   0x08000408   0x0000004e   Code   RO         4158    .text               c_w.l(rt_memclr_w.o)
    0x08000456   0x08000456   0x00000002   PAD
    0x08000458   0x08000458   0x00000080   Code   RO         4160    .text               c_w.l(strcmpv7m.o)
    0x080004d8   0x080004d8   0x00000006   Code   RO         4162    .text               c_w.l(heapauxi.o)
    0x080004de   0x080004de   0x0000041e   Code   RO         4241    .text               c_w.l(_printf_fp_dec.o)
    0x080008fc   0x080008fc   0x00000030   Code   RO         4243    .text               c_w.l(_printf_char_common.o)
    0x0800092c   0x0800092c   0x0000000a   Code   RO         4245    .text               c_w.l(_sputc.o)
    0x08000936   0x08000936   0x00000002   PAD
    0x08000938   0x08000938   0x00000008   Code   RO         4404    .text               c_w.l(rt_locale_intlibspace.o)
    0x08000940   0x08000940   0x0000008a   Code   RO         4411    .text               c_w.l(lludiv10.o)
    0x080009ca   0x080009ca   0x00000002   PAD
    0x080009cc   0x080009cc   0x00000080   Code   RO         4415    .text               c_w.l(_printf_fp_infnan.o)
    0x08000a4c   0x08000a4c   0x000000e4   Code   RO         4423    .text               c_w.l(bigflt0.o)
    0x08000b30   0x08000b30   0x00000008   Code   RO         4465    .text               c_w.l(libspace.o)
    0x08000b38   0x08000b38   0x0000004a   Code   RO         4468    .text               c_w.l(sys_stackheap_outer.o)
    0x08000b82   0x08000b82   0x00000012   Code   RO         4472    .text               c_w.l(exit.o)
    0x08000b94   0x08000b94   0x00000002   Code   RO         4501    .text               c_w.l(use_no_semi.o)
    0x08000b96   0x08000b96   0x00000000   Code   RO         4503    .text               c_w.l(indicate_semi.o)
    0x08000b96   0x08000b96   0x00000002   PAD
    0x08000b98   0x08000b98   0x0000000c   Code   RO         4519    .text               c_w.l(sys_exit.o)
    0x08000ba4   0x08000ba4   0x0000003e   Code   RO         4426    CL$$btod_d2e        c_w.l(btod.o)
    0x08000be2   0x08000be2   0x00000046   Code   RO         4428    CL$$btod_d2e_denorm_low  c_w.l(btod.o)
    0x08000c28   0x08000c28   0x00000060   Code   RO         4427    CL$$btod_d2e_norm_op1  c_w.l(btod.o)
    0x08000c88   0x08000c88   0x00000338   Code   RO         4436    CL$$btod_div_common  c_w.l(btod.o)
    0x08000fc0   0x08000fc0   0x000000dc   Code   RO         4433    CL$$btod_e2e        c_w.l(btod.o)
    0x0800109c   0x0800109c   0x0000002a   Code   RO         4430    CL$$btod_ediv       c_w.l(btod.o)
    0x080010c6   0x080010c6   0x0000002a   Code   RO         4429    CL$$btod_emul       c_w.l(btod.o)
    0x080010f0   0x080010f0   0x00000244   Code   RO         4435    CL$$btod_mult_common  c_w.l(btod.o)
    0x08001334   0x08001334   0x00000016   Code   RO         1714    i.ADC_Cmd           stm32f10x_adc.o
    0x0800134a   0x0800134a   0x00000014   Code   RO         1722    i.ADC_GetCalibrationStatus  stm32f10x_adc.o
    0x0800135e   0x0800135e   0x00000008   Code   RO         1723    i.ADC_GetConversionValue  stm32f10x_adc.o
    0x08001366   0x08001366   0x00000012   Code   RO         1725    i.ADC_GetFlagStatus  stm32f10x_adc.o
    0x08001378   0x08001378   0x00000014   Code   RO         1728    i.ADC_GetResetCalibrationStatus  stm32f10x_adc.o
    0x0800138c   0x0800138c   0x00000050   Code   RO         1732    i.ADC_Init          stm32f10x_adc.o
    0x080013dc   0x080013dc   0x000000b8   Code   RO         1736    i.ADC_RegularChannelConfig  stm32f10x_adc.o
    0x08001494   0x08001494   0x0000000a   Code   RO         1737    i.ADC_ResetCalibration  stm32f10x_adc.o
    0x0800149e   0x0800149e   0x00000016   Code   RO         1739    i.ADC_SoftwareStartConvCmd  stm32f10x_adc.o
    0x080014b4   0x080014b4   0x0000000a   Code   RO         1741    i.ADC_StartCalibration  stm32f10x_adc.o
    0x080014be   0x080014be   0x00000002   PAD
    0x080014c0   0x080014c0   0x00000094   Code   RO         1061    i.ADCx_Init         adc.o
    0x08001554   0x08001554   0x00000128   Code   RO          287    i.Backward          mode.o
    0x0800167c   0x0800167c   0x0000002c   Code   RO          623    i.Blink             oled_content.o
    0x080016a8   0x080016a8   0x00000004   Code   RO          152    i.BusFault_Handler  stm32f10x_it.o
    0x080016ac   0x080016ac   0x0000001c   Code   RO          624    i.Cute_squint       oled_content.o
    0x080016c8   0x080016c8   0x0000045c   Code   RO          288    i.Dance             mode.o
    0x08001b24   0x08001b24   0x00000002   Code   RO          153    i.DebugMon_Handler  stm32f10x_it.o
    0x08001b26   0x08001b26   0x00000002   PAD
    0x08001b28   0x08001b28   0x0000002c   Code   RO          625    i.Ellipse_eyes      oled_content.o
    0x08001b54   0x08001b54   0x00000030   Code   RO          626    i.Ellipse_left      oled_content.o
    0x08001b84   0x08001b84   0x00000030   Code   RO          627    i.Ellipse_right     oled_content.o
    0x08001bb4   0x08001bb4   0x00000020   Code   RO          628    i.Erase_0pen_eyes   oled_content.o
    0x08001bd4   0x08001bd4   0x00000020   Code   RO          629    i.Erase_Blink       oled_content.o
    0x08001bf4   0x08001bf4   0x00000020   Code   RO          631    i.Erase_Ellipse_eyes  oled_content.o
    0x08001c14   0x08001c14   0x00000020   Code   RO          634    i.Erase_Half_blink  oled_content.o
    0x08001c34   0x08001c34   0x00000020   Code   RO          635    i.Erase_Look_left   oled_content.o
    0x08001c54   0x08001c54   0x00000020   Code   RO          636    i.Erase_Look_right  oled_content.o
    0x08001c74   0x08001c74   0x0000002c   Code   RO          637    i.Erase_Query_left  oled_content.o
    0x08001ca0   0x08001ca0   0x00000008   Code   RO          639    i.Erase_Sleep       oled_content.o
    0x08001ca8   0x08001ca8   0x0000004c   Code   RO         2504    i.FLASH_ErasePage   stm32f10x_flash.o
    0x08001cf4   0x08001cf4   0x00000034   Code   RO         2505    i.FLASH_GetBank1Status  stm32f10x_flash.o
    0x08001d28   0x08001d28   0x00000014   Code   RO         2514    i.FLASH_Lock        stm32f10x_flash.o
    0x08001d3c   0x08001d3c   0x00000040   Code   RO         2517    i.FLASH_ProgramHalfWord  stm32f10x_flash.o
    0x08001d7c   0x08001d7c   0x00000018   Code   RO         2522    i.FLASH_Unlock      stm32f10x_flash.o
    0x08001d94   0x08001d94   0x00000026   Code   RO         2526    i.FLASH_WaitForLastOperation  stm32f10x_flash.o
    0x08001dba   0x08001dba   0x00000002   PAD
    0x08001dbc   0x08001dbc   0x0000013c   Code   RO          854    i.For               servo.o
    0x08001ef8   0x08001ef8   0x00000128   Code   RO          289    i.Forward           mode.o
    0x08002020   0x08002020   0x00000116   Code   RO         1196    i.GPIO_Init         stm32f10x_gpio.o
    0x08002136   0x08002136   0x00000004   Code   RO         1204    i.GPIO_SetBits      stm32f10x_gpio.o
    0x0800213a   0x0800213a   0x0000000a   Code   RO         1207    i.GPIO_WriteBit     stm32f10x_gpio.o
    0x08002144   0x08002144   0x000000c4   Code   RO          917    i.Game              game.o
    0x08002208   0x08002208   0x000000d0   Code   RO          918    i.Game_Init         game.o
    0x080022d8   0x080022d8   0x00000054   Code   RO         1062    i.Get_ADC_Value     adc.o
    0x0800232c   0x0800232c   0x0000002c   Code   RO          645    i.Half_blink        oled_content.o
    0x08002358   0x08002358   0x00000004   Code   RO          154    i.HardFault_Handler  stm32f10x_it.o
    0x0800235c   0x0800235c   0x0000015c   Code   RO          290    i.Idle_task         mode.o
    0x080024b8   0x080024b8   0x00000036   Code   RO          919    i.IsFull            game.o
    0x080024ee   0x080024ee   0x00000002   PAD
    0x080024f0   0x080024f0   0x00000038   Code   RO          275    i.LED_Init          led.o
    0x08002528   0x08002528   0x000000cc   Code   RO          291    i.Left              mode.o
    0x080025f4   0x080025f4   0x0000002c   Code   RO          646    i.Look_left         oled_content.o
    0x08002620   0x08002620   0x0000002c   Code   RO          647    i.Look_right        oled_content.o
    0x0800264c   0x0800264c   0x00000004   Code   RO          155    i.MemManage_Handler  stm32f10x_it.o
    0x08002650   0x08002650   0x00000014   Code   RO          990    i.MyFLASH_ErasePages  flash.o
    0x08002664   0x08002664   0x00000018   Code   RO          991    i.MyFLASH_ProgramHalfWord  flash.o
    0x0800267c   0x0800267c   0x00000006   Code   RO          994    i.MyFLASH_ReadHalfWord  flash.o
    0x08002682   0x08002682   0x00000002   Code   RO          156    i.NMI_Handler       stm32f10x_it.o
    0x08002684   0x08002684   0x00000070   Code   RO         1154    i.NVIC_Init         misc.o
    0x080026f4   0x080026f4   0x00000014   Code   RO         1155    i.NVIC_PriorityGroupConfig  misc.o
    0x08002708   0x08002708   0x00000028   Code   RO          372    i.OLED_Clear        oled.o
    0x08002730   0x08002730   0x00000090   Code   RO          373    i.OLED_ClearArea    oled.o
    0x080027c0   0x080027c0   0x000001d0   Code   RO          648    i.OLED_Electricity  oled_content.o
    0x08002990   0x08002990   0x00000060   Code   RO          380    i.OLED_GPIO_Init    oled.o
    0x080029f0   0x080029f0   0x0000003e   Code   RO          382    i.OLED_I2C_SendByte  oled.o
    0x08002a2e   0x08002a2e   0x0000001c   Code   RO          383    i.OLED_I2C_Start    oled.o
    0x08002a4a   0x08002a4a   0x00000016   Code   RO          384    i.OLED_I2C_Stop     oled.o
    0x08002a60   0x08002a60   0x0000009a   Code   RO          385    i.OLED_Init         oled.o
    0x08002afa   0x08002afa   0x00000014   Code   RO          387    i.OLED_Pow          oled.o
    0x08002b0e   0x08002b0e   0x00000022   Code   RO          391    i.OLED_SetCursor    oled.o
    0x08002b30   0x08002b30   0x00000054   Code   RO          393    i.OLED_ShowChar     oled.o
    0x08002b84   0x08002b84   0x000000fc   Code   RO          397    i.OLED_ShowImage    oled.o
    0x08002c80   0x08002c80   0x0000004c   Code   RO          398    i.OLED_ShowNum      oled.o
    0x08002ccc   0x08002ccc   0x0000002e   Code   RO          400    i.OLED_ShowString   oled.o
    0x08002cfa   0x08002cfa   0x00000002   PAD
    0x08002cfc   0x08002cfc   0x00000028   Code   RO          401    i.OLED_Update       oled.o
    0x08002d24   0x08002d24   0x00000018   Code   RO          403    i.OLED_W_SCL        oled.o
    0x08002d3c   0x08002d3c   0x00000018   Code   RO          404    i.OLED_W_SDA        oled.o
    0x08002d54   0x08002d54   0x00000020   Code   RO          405    i.OLED_WriteCommand  oled.o
    0x08002d74   0x08002d74   0x0000002e   Code   RO          406    i.OLED_WriteData    oled.o
    0x08002da2   0x08002da2   0x00000002   PAD
    0x08002da4   0x08002da4   0x000001d0   Code   RO          920    i.OLED_chess        game.o
    0x08002f74   0x08002f74   0x0000002c   Code   RO          649    i.Open_eyes         oled_content.o
    0x08002fa0   0x08002fa0   0x00000002   Code   RO          157    i.PendSV_Handler    stm32f10x_it.o
    0x08002fa2   0x08002fa2   0x00000002   PAD
    0x08002fa4   0x08002fa4   0x00000044   Code   RO          650    i.Query_left        oled_content.o
    0x08002fe8   0x08002fe8   0x00000018   Code   RO         1328    i.RCC_ADCCLKConfig  stm32f10x_rcc.o
    0x08003000   0x08003000   0x00000020   Code   RO         1330    i.RCC_APB1PeriphClockCmd  stm32f10x_rcc.o
    0x08003020   0x08003020   0x00000020   Code   RO         1332    i.RCC_APB2PeriphClockCmd  stm32f10x_rcc.o
    0x08003040   0x08003040   0x000000d4   Code   RO         1340    i.RCC_GetClocksFreq  stm32f10x_rcc.o
    0x08003114   0x08003114   0x000000cc   Code   RO          292    i.Right             mode.o
    0x080031e0   0x080031e0   0x00000002   Code   RO          158    i.SVC_Handler       stm32f10x_it.o
    0x080031e2   0x080031e2   0x00000002   PAD
    0x080031e4   0x080031e4   0x00000148   Code   RO          855    i.Servo_Amend       servo.o
    0x0800332c   0x0800332c   0x000001b8   Code   RO          856    i.Servo_Control     servo.o
    0x080034e4   0x080034e4   0x00000008   Code   RO          241    i.SetSysClock       system_stm32f10x.o
    0x080034ec   0x080034ec   0x000000e0   Code   RO          242    i.SetSysClockTo72   system_stm32f10x.o
    0x080035cc   0x080035cc   0x00000144   Code   RO          293    i.Shake_hands       mode.o
    0x08003710   0x08003710   0x000001e8   Code   RO          294    i.Shake_leg         mode.o
    0x080038f8   0x080038f8   0x00000060   Code   RO          295    i.Shift_left        mode.o
    0x08003958   0x08003958   0x0000005c   Code   RO          296    i.Shift_right       mode.o
    0x080039b4   0x080039b4   0x0000001c   Code   RO          652    i.Sleep1            oled_content.o
    0x080039d0   0x080039d0   0x0000001c   Code   RO          653    i.Sleep2            oled_content.o
    0x080039ec   0x080039ec   0x0000001c   Code   RO          655    i.Squint            oled_content.o
    0x08003a08   0x08003a08   0x00000068   Code   RO          997    i.Store_Init        flash.o
    0x08003a70   0x08003a70   0x00000030   Code   RO          998    i.Store_Save        flash.o
    0x08003aa0   0x08003aa0   0x00000028   Code   RO         1158    i.SysTick_CLKSourceConfig  misc.o
    0x08003ac8   0x08003ac8   0x00000002   Code   RO          159    i.SysTick_Handler   stm32f10x_it.o
    0x08003aca   0x08003aca   0x00000002   PAD
    0x08003acc   0x08003acc   0x00000060   Code   RO          244    i.SystemInit        system_stm32f10x.o
    0x08003b2c   0x08003b2c   0x00000078   Code   RO          297    i.TIM1_Init         mode.o
    0x08003ba4   0x08003ba4   0x00000028   Code   RO          298    i.TIM1_UP_IRQHandler  mode.o
    0x08003bcc   0x08003bcc   0x00000094   Code   RO          857    i.TIM2_Init         servo.o
    0x08003c60   0x08003c60   0x000000b0   Code   RO          858    i.TIM3_Init         servo.o
    0x08003d10   0x08003d10   0x00000006   Code   RO         3530    i.TIM_ClearITPendingBit  stm32f10x_tim.o
    0x08003d16   0x08003d16   0x00000018   Code   RO         3535    i.TIM_Cmd           stm32f10x_tim.o
    0x08003d2e   0x08003d2e   0x00000022   Code   RO         3556    i.TIM_GetITStatus   stm32f10x_tim.o
    0x08003d50   0x08003d50   0x00000012   Code   RO         3560    i.TIM_ITConfig      stm32f10x_tim.o
    0x08003d62   0x08003d62   0x00000002   PAD
    0x08003d64   0x08003d64   0x00000098   Code   RO         3564    i.TIM_OC1Init       stm32f10x_tim.o
    0x08003dfc   0x08003dfc   0x00000012   Code   RO         3567    i.TIM_OC1PreloadConfig  stm32f10x_tim.o
    0x08003e0e   0x08003e0e   0x00000002   PAD
    0x08003e10   0x08003e10   0x000000a4   Code   RO         3569    i.TIM_OC2Init       stm32f10x_tim.o
    0x08003eb4   0x08003eb4   0x0000001a   Code   RO         3572    i.TIM_OC2PreloadConfig  stm32f10x_tim.o
    0x08003ece   0x08003ece   0x00000002   PAD
    0x08003ed0   0x08003ed0   0x000000a0   Code   RO         3574    i.TIM_OC3Init       stm32f10x_tim.o
    0x08003f70   0x08003f70   0x00000012   Code   RO         3577    i.TIM_OC3PreloadConfig  stm32f10x_tim.o
    0x08003f82   0x08003f82   0x00000004   Code   RO         3596    i.TIM_SetCompare1   stm32f10x_tim.o
    0x08003f86   0x08003f86   0x00000004   Code   RO         3597    i.TIM_SetCompare2   stm32f10x_tim.o
    0x08003f8a   0x08003f8a   0x00000004   Code   RO         3598    i.TIM_SetCompare3   stm32f10x_tim.o
    0x08003f8e   0x08003f8e   0x00000002   PAD
    0x08003f90   0x08003f90   0x000000a4   Code   RO         3606    i.TIM_TimeBaseInit  stm32f10x_tim.o
    0x08004034   0x08004034   0x000002cc   Code   RO          896    i.USART2_IRQHandler  tianwen.o
    0x08004300   0x08004300   0x000000ac   Code   RO          897    i.USART2_Init       tianwen.o
    0x080043ac   0x080043ac   0x00000018   Code   RO         1532    i.USART_Cmd         stm32f10x_usart.o
    0x080043c4   0x080043c4   0x0000001a   Code   RO         1535    i.USART_GetFlagStatus  stm32f10x_usart.o
    0x080043de   0x080043de   0x00000054   Code   RO         1536    i.USART_GetITStatus  stm32f10x_usart.o
    0x08004432   0x08004432   0x0000004a   Code   RO         1538    i.USART_ITConfig    stm32f10x_usart.o
    0x0800447c   0x0800447c   0x000000d8   Code   RO         1539    i.USART_Init        stm32f10x_usart.o
    0x08004554   0x08004554   0x0000000a   Code   RO         1546    i.USART_ReceiveData  stm32f10x_usart.o
    0x0800455e   0x0800455e   0x00000008   Code   RO         1549    i.USART_SendData    stm32f10x_usart.o
    0x08004566   0x08004566   0x00000004   Code   RO          160    i.UsageFault_Handler  stm32f10x_it.o
    0x0800456a   0x0800456a   0x00000002   PAD
    0x0800456c   0x0800456c   0x000000a4   Code   RO          656    i.Vol_warn          oled_content.o
    0x08004610   0x08004610   0x00000028   Code   RO         4461    i.__ARM_fpclassify  m_ws.l(fpclassify.o)
    0x08004638   0x08004638   0x0000000e   Code   RO         4141    i._is_digit         c_w.l(__printf_wp.o)
    0x08004646   0x08004646   0x000002b2   Code   RO          921    i.attack            game.o
    0x080048f8   0x080048f8   0x000002b2   Code   RO          922    i.defense           game.o
    0x08004baa   0x08004baa   0x00000002   PAD
    0x08004bac   0x08004bac   0x00000044   Code   RO         1079    i.delay_init        delay.o
    0x08004bf0   0x08004bf0   0x0000004c   Code   RO         1080    i.delay_ms          delay.o
    0x08004c3c   0x08004c3c   0x0000004c   Code   RO         1081    i.delay_us          delay.o
    0x08004c88   0x08004c88   0x000000d2   Code   RO          923    i.judge             game.o
    0x08004d5a   0x08004d5a   0x00000002   PAD
    0x08004d5c   0x08004d5c   0x00000174   Code   RO            1    i.main              main.o
    0x08004ed0   0x08004ed0   0x000000ec   Code   RO          924    i.playerA           game.o
    0x08004fbc   0x08004fbc   0x00000058   Code   RO          925    i.playerB           game.o
    0x08005014   0x08005014   0x00000030   Code   RO          926    i.usart2_send       game.o
    0x08005044   0x08005044   0x0000002c   Code   RO         4451    locale$$code        c_w.l(lc_numeric_c.o)
    0x08005070   0x08005070   0x00000062   Code   RO         4166    x$fpl$d2f           fz_ws.l(d2f.o)
    0x080050d2   0x080050d2   0x00000002   PAD
    0x080050d4   0x080050d4   0x00000150   Code   RO         4168    x$fpl$dadd          fz_ws.l(daddsub_clz.o)
    0x08005224   0x08005224   0x00000018   Code   RO         4346    x$fpl$dcmpinf       fz_ws.l(dcmpi.o)
    0x0800523c   0x0800523c   0x000002b0   Code   RO         4175    x$fpl$ddiv          fz_ws.l(ddiv.o)
    0x080054ec   0x080054ec   0x0000005e   Code   RO         4178    x$fpl$dfix          fz_ws.l(dfix.o)
    0x0800554a   0x0800554a   0x00000002   PAD
    0x0800554c   0x0800554c   0x00000078   Code   RO         4192    x$fpl$dleqf         fz_ws.l(dleqf.o)
    0x080055c4   0x080055c4   0x00000154   Code   RO         4194    x$fpl$dmul          fz_ws.l(dmul.o)
    0x08005718   0x08005718   0x0000009c   Code   RO         4348    x$fpl$dnaninf       fz_ws.l(dnaninf.o)
    0x080057b4   0x080057b4   0x0000000c   Code   RO         4350    x$fpl$dretinf       fz_ws.l(dretinf.o)
    0x080057c0   0x080057c0   0x0000006c   Code   RO         4196    x$fpl$drleqf        fz_ws.l(drleqf.o)
    0x0800582c   0x0800582c   0x00000016   Code   RO         4169    x$fpl$drsb          fz_ws.l(daddsub_clz.o)
    0x08005842   0x08005842   0x00000002   PAD
    0x08005844   0x08005844   0x000001d4   Code   RO         4170    x$fpl$dsub          fz_ws.l(daddsub_clz.o)
    0x08005a18   0x08005a18   0x00000056   Code   RO         4198    x$fpl$f2d           fz_ws.l(f2d.o)
    0x08005a6e   0x08005a6e   0x00000002   PAD
    0x08005a70   0x08005a70   0x00000030   Code   RO         4207    x$fpl$fflt          fz_ws.l(fflt_clz.o)
    0x08005aa0   0x08005aa0   0x00000026   Code   RO         4206    x$fpl$ffltu         fz_ws.l(fflt_clz.o)
    0x08005ac6   0x08005ac6   0x00000002   PAD
    0x08005ac8   0x08005ac8   0x00000102   Code   RO         4214    x$fpl$fmul          fz_ws.l(fmul.o)
    0x08005bca   0x08005bca   0x0000008c   Code   RO         4356    x$fpl$fnaninf       fz_ws.l(fnaninf.o)
    0x08005c56   0x08005c56   0x0000000a   Code   RO         4358    x$fpl$fretinf       fz_ws.l(fretinf.o)
    0x08005c60   0x08005c60   0x00000004   Code   RO         4216    x$fpl$printf1       fz_ws.l(printf1.o)
    0x08005c64   0x08005c64   0x00000000   Code   RO         4360    x$fpl$usenofp       fz_ws.l(usenofp.o)
    0x08005c64   0x08005c64   0x00002be4   Data   RO          611    .constdata          oled_data.o
    0x08008848   0x08008848   0x00000011   Data   RO         4149    .constdata          c_w.l(__printf_flags_ss_wp.o)
    0x08008859   0x08008859   0x00000003   PAD
    0x0800885c   0x0800885c   0x00000094   Data   RO         4424    .constdata          c_w.l(bigflt0.o)
    0x080088f0   0x080088f0   0x00000020   Data   RO         4564    Region$$Table       anon$$obj.o
    0x08008910   0x08008910   0x0000001c   Data   RO         4450    locale$$data        c_w.l(lc_numeric_c.o)


    Execution Region ER_RW (Exec base: 0x20000000, Load base: 0x0800892c, Size: 0x00000058, Max: 0xffffffff, ABSOLUTE)

    Exec Addr    Load Addr    Size         Type   Attr      Idx    E Section Name        Object

    0x20000000   0x0800892c   0x00000014   Data   RW          245    .data               system_stm32f10x.o
    0x20000014   0x08008940   0x00000010   Data   RW          299    .data               mode.o
    0x20000024   0x08008950   0x0000000c   Data   RW          859    .data               servo.o
    0x20000030   0x0800895c   0x00000002   Data   RW          898    .data               tianwen.o
    0x20000032   0x0800895e   0x00000002   PAD
    0x20000034   0x08008960   0x0000000c   Data   RW          927    .data               game.o
    0x20000040   0x0800896c   0x00000004   Data   RW         1082    .data               delay.o
    0x20000044   0x08008970   0x00000014   Data   RW         1360    .data               stm32f10x_rcc.o


    Execution Region ER_ZI (Exec base: 0x20000058, Load base: 0x08008984, Size: 0x00000f48, Max: 0xffffffff, ABSOLUTE)

    Exec Addr    Load Addr    Size         Type   Attr      Idx    E Section Name        Object

    0x20000058        -       0x00000400   Zero   RW          408    .bss                oled.o
    0x20000458        -       0x00000400   Zero   RW          999    .bss                flash.o
    0x20000858        -       0x000000e4   Zero   RW         4155    .bss                c_w.l(rand.o)
    0x2000093c        -       0x00000060   Zero   RW         4466    .bss                c_w.l(libspace.o)
    0x2000099c   0x08008984   0x00000004   PAD
    0x200009a0        -       0x00000200   Zero   RW         1148    HEAP                startup_stm32f10x_md.o
    0x20000ba0        -       0x00000400   Zero   RW         1147    STACK               startup_stm32f10x_md.o


==============================================================================

Image component sizes


      Code (inc. data)   RO Data    RW Data    ZI Data      Debug   Object Name

       232         12          0          0          0       1204   adc.o
       220         26          0          4          0       1595   delay.o
       202         16          0          0       1024       2981   flash.o
      2884         54          0         12          0       8330   game.o
        56          6          0          0          0        459   led.o
       372         12          0          0          0     267279   main.o
       172         22          0          0          0       1933   misc.o
      3624        220          0         16          0       7638   mode.o
      1224         42          0          0       1024      10681   oled.o
      1412        180          0          0          0      10542   oled_content.o
         0          0      11236          0          0       2217   oled_data.o
      1408         76          0         12          0       3886   servo.o
        64         26        236          0       1536        776   startup_stm32f10x_md.o
       394         10          0          0          0       7693   stm32f10x_adc.o
       274         30          0          0          0       3246   stm32f10x_flash.o
       292          0          0          0          0       2955   stm32f10x_gpio.o
        26          0          0          0          0       3426   stm32f10x_it.o
       300         38          0         20          0       4801   stm32f10x_rcc.o
       796         82          0          0          0       8623   stm32f10x_tim.o
       442          6          0          0          0       5925   stm32f10x_usart.o
         0          0          0          0          0         32   sys.o
       328         28          0         20          0       1949   system_stm32f10x.o
       888         54          0          2          0       1907   tianwen.o

    ----------------------------------------------------------------------
     15642        940      11504         88       3584     360078   Object Totals
         0          0         32          0          0          0   (incl. Generated)
        32          0          0          2          0          0   (incl. Padding)

    ----------------------------------------------------------------------

      Code (inc. data)   RO Data    RW Data    ZI Data      Debug   Library Member Name

        44          6          0          0          0         84   __2sprintf.o
         8          0          0          0          0         68   __main.o
       392          4         17          0          0         92   __printf_flags_ss_wp.o
        14          0          0          0          0         68   __printf_wp.o
         0          0          0          0          0          0   __rtentry.o
        12          0          0          0          0          0   __rtentry2.o
         6          0          0          0          0          0   __rtentry4.o
        52          8          0          0          0          0   __scatter.o
        26          0          0          0          0          0   __scatter_copy.o
        28          0          0          0          0          0   __scatter_zi.o
        48          6          0          0          0         96   _printf_char_common.o
         6          0          0          0          0          0   _printf_f.o
      1054          0          0          0          0        216   _printf_fp_dec.o
       128         16          0          0          0         84   _printf_fp_infnan.o
         0          0          0          0          0          0   _printf_percent.o
         4          0          0          0          0          0   _printf_percent_end.o
        10          0          0          0          0         68   _sputc.o
       228          4        148          0          0         96   bigflt0.o
      1936        128          0          0          0        672   btod.o
        18          0          0          0          0         80   exit.o
         6          0          0          0          0        152   heapauxi.o
         0          0          0          0          0          0   indicate_semi.o
        44         10         28          0          0         76   lc_numeric_c.o
         2          0          0          0          0          0   libinit.o
        22          0          0          0          0          0   libinit2.o
         2          0          0          0          0          0   libshutdown.o
         2          0          0          0          0          0   libshutdown2.o
         8          4          0          0         96         68   libspace.o
       138          0          0          0          0         80   lludiv10.o
       112         18          0          0        228        160   rand.o
         8          4          0          0          0         68   rt_locale_intlibspace.o
        78          0          0          0          0         80   rt_memclr_w.o
         2          0          0          0          0          0   rtexit.o
        10          0          0          0          0          0   rtexit2.o
       128          0          0          0          0         68   strcmpv7m.o
        12          4          0          0          0         68   sys_exit.o
        74          0          0          0          0         80   sys_stackheap_outer.o
         2          0          0          0          0         68   use_no_semi.o
        98          4          0          0          0         92   d2f.o
       826         16          0          0          0        348   daddsub_clz.o
        24          0          0          0          0         68   dcmpi.o
       688        140          0          0          0        208   ddiv.o
        94          4          0          0          0         92   dfix.o
       120          4          0          0          0         92   dleqf.o
       340         12          0          0          0        104   dmul.o
       156          4          0          0          0         92   dnaninf.o
        12          0          0          0          0         68   dretinf.o
       108          0          0          0          0         80   drleqf.o
        86          4          0          0          0         84   f2d.o
        86          0          0          0          0        136   fflt_clz.o
       258          4          0          0          0         84   fmul.o
       140          4          0          0          0         84   fnaninf.o
        10          0          0          0          0         68   fretinf.o
         4          0          0          0          0         68   printf1.o
         0          0          0          0          0          0   usenofp.o
        40          0          0          0          0         68   fpclassify.o

    ----------------------------------------------------------------------
      7774        408        196          0        328       4428   Library Totals
        20          0          3          0          4          0   (incl. Padding)

    ----------------------------------------------------------------------

      Code (inc. data)   RO Data    RW Data    ZI Data      Debug   Library Name

      4664        212        193          0        324       2592   c_w.l
      3050        196          0          0          0       1768   fz_ws.l
        40          0          0          0          0         68   m_ws.l

    ----------------------------------------------------------------------
      7774        408        196          0        328       4428   Library Totals

    ----------------------------------------------------------------------

==============================================================================


      Code (inc. data)   RO Data    RW Data    ZI Data      Debug   

     23416       1348      11700         88       3912     354934   Grand Totals
     23416       1348      11700         88       3912     354934   ELF Image Totals
     23416       1348      11700         88          0          0   ROM Totals

==============================================================================

    Total RO  Size (Code + RO Data)                35116 (  34.29kB)
    Total RW  Size (RW Data + ZI Data)              4000 (   3.91kB)
    Total ROM Size (Code + RO Data + RW Data)      35204 (  34.38kB)

==============================================================================

